Archive member included to satisfy reference by file (symbol)

/usr/lib/gcc/arm-none-eabi/9.2.1/../../../arm-none-eabi/lib/thumb/v6-m/nofp/libstdc++.a(functexcept.o)
                              CMakeFiles/Sapphire_TempMonitor.dir/Sapphire_TempMonitor.cpp.obj (std::__throw_logic_error(char const*))
/usr/lib/gcc/arm-none-eabi/9.2.1/../../../arm-none-eabi/lib/thumb/v6-m/nofp/libstdc++.a(snprintf_lite.o)
                              /usr/lib/gcc/arm-none-eabi/9.2.1/../../../arm-none-eabi/lib/thumb/v6-m/nofp/libstdc++.a(functexcept.o) (__gnu_cxx::__snprintf_lite(char*, unsigned int, char const*, std::__va_list))
/usr/lib/gcc/arm-none-eabi/9.2.1/../../../arm-none-eabi/lib/thumb/v6-m/nofp/libstdc++.a(string-inst.o)
                              CMakeFiles/Sapphire_TempMonitor.dir/Sapphire_TempMonitor.cpp.obj (std::__cxx11::basic_string<char, std::char_traits<char>, std::allocator<char> >::_M_create(unsigned int&, unsigned int))
/usr/lib/gcc/arm-none-eabi/9.2.1/../../../arm-none-eabi/lib/thumb/v6-m/nofp/libstdc++.a(bad_alloc.o)
                              /usr/lib/gcc/arm-none-eabi/9.2.1/../../../arm-none-eabi/lib/thumb/v6-m/nofp/libstdc++.a(functexcept.o) (std::bad_alloc::~bad_alloc())
/usr/lib/gcc/arm-none-eabi/9.2.1/../../../arm-none-eabi/lib/thumb/v6-m/nofp/libstdc++.a(bad_cast.o)
                              /usr/lib/gcc/arm-none-eabi/9.2.1/../../../arm-none-eabi/lib/thumb/v6-m/nofp/libstdc++.a(functexcept.o) (std::bad_cast::~bad_cast())
/usr/lib/gcc/arm-none-eabi/9.2.1/../../../arm-none-eabi/lib/thumb/v6-m/nofp/libstdc++.a(bad_typeid.o)
                              /usr/lib/gcc/arm-none-eabi/9.2.1/../../../arm-none-eabi/lib/thumb/v6-m/nofp/libstdc++.a(functexcept.o) (std::bad_typeid::~bad_typeid())
/usr/lib/gcc/arm-none-eabi/9.2.1/../../../arm-none-eabi/lib/thumb/v6-m/nofp/libstdc++.a(eh_alloc.o)
                              /usr/lib/gcc/arm-none-eabi/9.2.1/../../../arm-none-eabi/lib/thumb/v6-m/nofp/libstdc++.a(functexcept.o) (__cxa_allocate_exception)
/usr/lib/gcc/arm-none-eabi/9.2.1/../../../arm-none-eabi/lib/thumb/v6-m/nofp/libstdc++.a(eh_arm.o)
                              /usr/lib/gcc/arm-none-eabi/9.2.1/../../../arm-none-eabi/lib/thumb/v6-m/nofp/libstdc++.a(functexcept.o) (__cxa_end_cleanup)
/usr/lib/gcc/arm-none-eabi/9.2.1/../../../arm-none-eabi/lib/thumb/v6-m/nofp/libstdc++.a(eh_catch.o)
                              /usr/lib/gcc/arm-none-eabi/9.2.1/../../../arm-none-eabi/lib/thumb/v6-m/nofp/libstdc++.a(string-inst.o) (__cxa_begin_catch)
/usr/lib/gcc/arm-none-eabi/9.2.1/../../../arm-none-eabi/lib/thumb/v6-m/nofp/libstdc++.a(eh_exception.o)
                              /usr/lib/gcc/arm-none-eabi/9.2.1/../../../arm-none-eabi/lib/thumb/v6-m/nofp/libstdc++.a(bad_alloc.o) (std::exception::~exception())
/usr/lib/gcc/arm-none-eabi/9.2.1/../../../arm-none-eabi/lib/thumb/v6-m/nofp/libstdc++.a(eh_globals.o)
                              /usr/lib/gcc/arm-none-eabi/9.2.1/../../../arm-none-eabi/lib/thumb/v6-m/nofp/libstdc++.a(eh_catch.o) (__cxa_get_globals_fast)
/usr/lib/gcc/arm-none-eabi/9.2.1/../../../arm-none-eabi/lib/thumb/v6-m/nofp/libstdc++.a(eh_personality.o)
                              /usr/lib/gcc/arm-none-eabi/9.2.1/../../../arm-none-eabi/lib/thumb/v6-m/nofp/libstdc++.a(functexcept.o) (__gxx_personality_v0)
/usr/lib/gcc/arm-none-eabi/9.2.1/../../../arm-none-eabi/lib/thumb/v6-m/nofp/libstdc++.a(eh_terminate.o)
                              /usr/lib/gcc/arm-none-eabi/9.2.1/../../../arm-none-eabi/lib/thumb/v6-m/nofp/libstdc++.a(eh_alloc.o) (std::terminate())
/usr/lib/gcc/arm-none-eabi/9.2.1/../../../arm-none-eabi/lib/thumb/v6-m/nofp/libstdc++.a(eh_throw.o)
                              /usr/lib/gcc/arm-none-eabi/9.2.1/../../../arm-none-eabi/lib/thumb/v6-m/nofp/libstdc++.a(functexcept.o) (__cxa_throw)
/usr/lib/gcc/arm-none-eabi/9.2.1/../../../arm-none-eabi/lib/thumb/v6-m/nofp/libstdc++.a(eh_unex_handler.o)
                              /usr/lib/gcc/arm-none-eabi/9.2.1/../../../arm-none-eabi/lib/thumb/v6-m/nofp/libstdc++.a(eh_terminate.o) (__cxxabiv1::__unexpected_handler)
/usr/lib/gcc/arm-none-eabi/9.2.1/../../../arm-none-eabi/lib/thumb/v6-m/nofp/libstdc++.a(pure.o)
                              /usr/lib/gcc/arm-none-eabi/9.2.1/../../../arm-none-eabi/lib/thumb/v6-m/nofp/libstdc++.a(eh_exception.o) (__cxa_pure_virtual)
/usr/lib/gcc/arm-none-eabi/9.2.1/../../../arm-none-eabi/lib/thumb/v6-m/nofp/libstdc++.a(si_class_type_info.o)
                              /usr/lib/gcc/arm-none-eabi/9.2.1/../../../arm-none-eabi/lib/thumb/v6-m/nofp/libstdc++.a(bad_alloc.o) (vtable for __cxxabiv1::__si_class_type_info)
/usr/lib/gcc/arm-none-eabi/9.2.1/../../../arm-none-eabi/lib/thumb/v6-m/nofp/libstdc++.a(tinfo.o)
                              /usr/lib/gcc/arm-none-eabi/9.2.1/../../../arm-none-eabi/lib/thumb/v6-m/nofp/libstdc++.a(si_class_type_info.o) (std::type_info::__is_pointer_p() const)
/usr/lib/gcc/arm-none-eabi/9.2.1/../../../arm-none-eabi/lib/thumb/v6-m/nofp/libstdc++.a(stdexcept.o)
[...]
Memory Configuration

Name             Origin             Length             Attributes
FLASH            0x0000000010000000 0x0000000000200000 xr
RAM              0x0000000020000000 0x0000000000040000 xrw
SCRATCH_X        0x0000000020040000 0x0000000000001000 xrw
SCRATCH_Y        0x0000000020041000 0x0000000000001000 xrw
*default*        0x0000000000000000 0xffffffffffffffff

Linker script and memory map

LOAD /usr/lib/gcc/arm-none-eabi/9.2.1/thumb/v6-m/nofp/crti.o
LOAD /usr/lib/gcc/arm-none-eabi/9.2.1/thumb/v6-m/nofp/crtbegin.o
LOAD /usr/lib/gcc/arm-none-eabi/9.2.1/../../../arm-none-eabi/lib/thumb/v6-m/nofp/crt0.o

.flash_begin    0x0000000010000000        0x0
                0x0000000010000000                __flash_binary_start = .

.boot2          0x0000000010000000      0x100
                0x0000000010000000                __boot2_start__ = .
 *(.boot2)
 .boot2         0x0000000010000000      0x100 /tmp/ccelRIdd.o
                0x0000000010000100                __boot2_end__ = .
                0x0000000000000001                ASSERT (((__boot2_end__ - __boot2_start__) == 0x100), ERROR: Pico second stage bootloader must be 256 bytes in size)

.text           0x0000000010000100     0xac80
                0x0000000010000100                __logical_binary_start = .
 *(.vectors)
 .vectors       0x0000000010000100       0xd4 CMakeFiles/Sapphire_TempMonitor.dir/home/sapphire/pico/pico-sdk/src/rp2_common/pico_standard_link/crt0.S.obj
                0x0000000010000100                __vectors
                0x0000000010000100                __VECTOR_TABLE
                0x00000000100001c0                isr_invalid
                0x00000000100001c0                __default_isrs_start
                0x00000000100001c2                isr_nmi
                0x00000000100001c4                isr_hardfault
                0x00000000100001c6                isr_svcall
                0x00000000100001c8                isr_pendsv
                0x00000000100001ca                isr_systick
                0x00000000100001cc                isr_irq30
                0x00000000100001cc                __unhandled_user_irq
                0x00000000100001cc                isr_irq13
                0x00000000100001cc                isr_irq27
                0x00000000100001cc                isr_irq31
                0x00000000100001cc                isr_irq5
                0x00000000100001cc                isr_irq11
                0x00000000100001cc                isr_irq23
                0x00000000100001cc                isr_irq18
                0x00000000100001cc                isr_irq28
                0x00000000100001cc                isr_irq19
                0x00000000100001cc                isr_irq0
                0x00000000100001cc                isr_irq6
                0x00000000100001cc                isr_irq22
                0x00000000100001cc                isr_irq17
                0x00000000100001cc                isr_irq14
                0x00000000100001cc                isr_irq2
                0x00000000100001cc                isr_irq10
                0x00000000100001cc                isr_irq8
                0x00000000100001cc                isr_irq24
                0x00000000100001cc                isr_irq1
                0x00000000100001cc                isr_irq7
                0x00000000100001cc                isr_irq21
                0x00000000100001cc                isr_irq20
                0x00000000100001cc                isr_irq15
                0x00000000100001cc                isr_irq25
                0x00000000100001cc                isr_irq4
                0x00000000100001cc                isr_irq16
                0x00000000100001cc                isr_irq29
                0x00000000100001cc                isr_irq26
                0x00000000100001cc                __default_isrs_end
                0x00000000100001cc                isr_irq3
                0x00000000100001cc                isr_irq12
                0x00000000100001cc                isr_irq9
                0x00000000100001d2                unhandled_user_irq_num_in_r0
 *(.binary_info_header)
 .binary_info_header
                0x00000000100001d4       0x14 CMakeFiles/Sapphire_TempMonitor.dir/home/sapphire/pico/pico-sdk/src/rp2_common/pico_standard_link/crt0.S.obj
                0x00000000100001e8                __binary_info_header_end = .
 *(.reset)
 .reset         0x00000000100001e8       0xa8 CMakeFiles/Sapphire_TempMonitor.dir/home/sapphire/pico/pico-sdk/src/rp2_common/pico_standard_link/crt0.S.obj
                0x00000000100001e8                _entry_point
                0x0000000010000266                __get_current_exception
 .reset         0x0000000010000290       0x30 CMakeFiles/Sapphire_TempMonitor.dir/home/sapphire/pico/pico-sdk/src/rp2_common/pico_standard_link/binary_info.c.obj
 *(.init)
 .init          0x00000000100002c0        0x4 /usr/lib/gcc/arm-none-eabi/9.2.1/thumb/v6-m/nofp/crti.o
                0x00000000100002c0                _init
 *(EXCLUDE_FILE(*libm.a: *libc.a:*lib_a-mem*.o *libgcc.a:) .text*)
 .text          0x00000000100002c4       0x98 /usr/lib/gcc/arm-none-eabi/9.2.1/thumb/v6-m/nofp/crtbegin.o
 .text._Z4fillPhh
                0x000000001000035c       0x12 CMakeFiles/Sapphire_TempMonitor.dir/Sapphire_TempMonitor.cpp.obj
                0x000000001000035c                fill(unsigned char*, unsigned char)
 .text._Z23calc_render_area_buflenP11render_area
                0x000000001000036e       0x16 CMakeFiles/Sapphire_TempMonitor.dir/Sapphire_TempMonitor.cpp.obj
                0x000000001000036e                calc_render_area_buflen(render_area*)
 .text._Z13oled_send_cmdh
                0x0000000010000384       0x24 CMakeFiles/Sapphire_TempMonitor.dir/Sapphire_TempMonitor.cpp.obj
                0x0000000010000384                oled_send_cmd(unsigned char)
 .text._Z13oled_send_bufPhi
                0x00000000100003a8       0x48 CMakeFiles/Sapphire_TempMonitor.dir/Sapphire_TempMonitor.cpp.obj
                0x00000000100003a8                oled_send_buf(unsigned char*, int)
 .text._Z9oled_initv
                0x00000000100003f0       0xa0 CMakeFiles/Sapphire_TempMonitor.dir/Sapphire_TempMonitor.cpp.obj
                0x00000000100003f0                oled_init()
 .text._Z6renderPhP11render_area
                0x0000000010000490       0x34 CMakeFiles/Sapphire_TempMonitor.dir/Sapphire_TempMonitor.cpp.obj
                0x0000000010000490                render(unsigned char*, render_area*)
 .text._Z21WriteStringAtLocationPhNSt7__cxx1112basic_stringIcSt11char_traitsIcESaIcEEEii
                0x00000000100004c4       0xd4 CMakeFiles/Sapphire_TempMonitor.dir/Sapphire_TempMonitor.cpp.obj
                0x00000000100004c4                WriteStringAtLocation(unsigned char*, std::__cxx11::basic_string<char, std::char_traits<char>, std::allocator<char> >, int, int)
 .text._Z8dewPointdd
                0x0000000010000598      0x1a4 CMakeFiles/Sapphire_TempMonitor.dir/Sapphire_TempMonitor.cpp.obj
                0x0000000010000598                dewPoint(double, double)
 .text._Z7humidexdd
                0x000000001000073c       0x70 CMakeFiles/Sapphire_TempMonitor.dir/Sapphire_TempMonitor.cpp.obj
                0x000000001000073c                humidex(double, double)
 .text._Z13read_from_dhtP11dht_reading
                0x00000000100007ac      0x144 CMakeFiles/Sapphire_TempMonitor.dir/Sapphire_TempMonitor.cpp.obj
                0x00000000100007ac                read_from_dht(dht_reading*)
 .text._ZNSt7__cxx1112basic_stringIcSt11char_traitsIcESaIcEE12_M_constructIPKcEEvT_S8_St20forward_iterator_tag
                0x00000000100008f0       0x5c CMakeFiles/Sapphire_TempMonitor.dir/Sapphire_TempMonitor.cpp.obj
                0x00000000100008f0                void std::__cxx11::basic_string<char, std::char_traits<char>, std::allocator<char> >::_M_construct<char const*>(char const*, char const*, std::forward_iterator_tag)
 .text._ZNSt7__cxx1112basic_stringIcSt11char_traitsIcESaIcEE12_M_constructIPcEEvT_S7_St20forward_iterator_tag
                0x000000001000094c       0x5c CMakeFiles/Sapphire_TempMonitor.dir/Sapphire_TempMonitor.cpp.obj
                0x000000001000094c                void std::__cxx11::basic_string<char, std::char_traits<char>, std::allocator<char> >::_M_construct<char*>(char*, char*, std::forward_iterator_tag)
 .text._ZN9__gnu_cxx12__to_xstringINSt7__cxx1112basic_stringIcSt11char_traitsIcESaIcEEEcEET_PFiPT0_jPKS8_St9__va_listEjSB_z
                0x00000000100009a8       0x46 CMakeFiles/Sapphire_TempMonitor.dir/Sapphire_TempMonitor.cpp.obj
                0x00000000100009a8                std::__cxx11::basic_string<char, std::char_traits<char>, std::allocator<char> > __gnu_cxx::__to_xstring<std::__cxx11::basic_string<char, std::char_traits<char>, std::allocator<char> >, char>(int (*)(char*, unsigned int, char const*, std::__va_list), unsigned int, char const*, ...)
 *fill*         0x00000000100009ee        0x2 
 .text.main     0x00000000100009f0      0x2c0 CMakeFiles/Sapphire_TempMonitor.dir/Sapphire_TempMonitor.cpp.obj
                0x00000000100009f0                main
 .text.gpio_set_function
                0x0000000010000cb0       0x30 CMakeFiles/Sapphire_TempMonitor.dir/home/sapphire/pico/pico-sdk/src/rp2_common/hardware_gpio/gpio.c.obj
                0x0000000010000cb0                gpio_set_function
 .text.gpio_set_pulls
                0x0000000010000ce0       0x34 CMakeFiles/Sapphire_TempMonitor.dir/home/sapphire/pico/pico-sdk/src/rp2_common/hardware_gpio/gpio.c.obj
                0x0000000010000ce0                gpio_set_pulls
 .text.gpio_init
                0x0000000010000d14       0x16 CMakeFiles/Sapphire_TempMonitor.dir/home/sapphire/pico/pico-sdk/src/rp2_common/hardware_gpio/gpio.c.obj
                0x0000000010000d14                gpio_init
 *fill*         0x0000000010000d2a        0x2 
 .text.hw_claim_lock
                0x0000000010000d2c       0x18 CMakeFiles/Sapphire_TempMonitor.dir/home/sapphire/pico/pico-sdk/src/rp2_common/hardware_claim/claim.c.obj
                0x0000000010000d2c                hw_claim_lock
 .text.hw_claim_unlock
                0x0000000010000d44       0x14 CMakeFiles/Sapphire_TempMonitor.dir/home/sapphire/pico/pico-sdk/src/rp2_common/hardware_claim/claim.c.obj
                0x0000000010000d44                hw_claim_unlock
 .text.hw_claim_or_assert
                0x0000000010000d58       0x32 CMakeFiles/Sapphire_TempMonitor.dir/home/sapphire/pico/pico-sdk/src/rp2_common/hardware_claim/claim.c.obj
                0x0000000010000d58                hw_claim_or_assert
 .text.hw_claim_unused_from_range
                0x0000000010000d8a       0x50 CMakeFiles/Sapphire_TempMonitor.dir/home/sapphire/pico/pico-sdk/src/rp2_common/hardware_claim/claim.c.obj
                0x0000000010000d8a                hw_claim_unused_from_range
 *fill*         0x0000000010000dda        0x2 
 .text.running_on_fpga
                0x0000000010000ddc       0x14 CMakeFiles/Sapphire_TempMonitor.dir/home/sapphire/pico/pico-sdk/src/rp2_common/pico_platform/platform.c.obj
                0x0000000010000ddc                running_on_fpga
 .text.spin_locks_reset
                0x0000000010000df0       0x20 CMakeFiles/Sapphire_TempMonitor.dir/home/sapphire/pico/pico-sdk/src/rp2_common/hardware_sync/sync.c.obj
                0x0000000010000df0                spin_locks_reset
 .text.next_striped_spin_lock_num
                0x0000000010000e10       0x1c CMakeFiles/Sapphire_TempMonitor.dir/home/sapphire/pico/pico-sdk/src/rp2_common/hardware_sync/sync.c.obj
                0x0000000010000e10                next_striped_spin_lock_num
 .text.spin_lock_claim_unused
                0x0000000010000e2c       0x20 CMakeFiles/Sapphire_TempMonitor.dir/home/sapphire/pico/pico-sdk/src/rp2_common/hardware_sync/sync.c.obj
                0x0000000010000e2c                spin_lock_claim_unused
 .text.alarm_pool_post_alloc_init
                0x0000000010000e4c       0x40 CMakeFiles/Sapphire_TempMonitor.dir/home/sapphire/pico/pico-sdk/src/common/pico_time/time.c.obj
 .text.sleep_until_callback
                0x0000000010000e8c       0x30 CMakeFiles/Sapphire_TempMonitor.dir/home/sapphire/pico/pico-sdk/src/common/pico_time/time.c.obj
 .text.timer_pool_entry_comparator
                0x0000000010000ebc       0x7c CMakeFiles/Sapphire_TempMonitor.dir/home/sapphire/pico/pico-sdk/src/common/pico_time/time.c.obj
                0x0000000010000ebc                timer_pool_entry_comparator
 .text.ph_add_child_node
                0x0000000010000f38       0xa4 CMakeFiles/Sapphire_TempMonitor.dir/home/sapphire/pico/pico-sdk/src/common/pico_time/time.c.obj
 .text.ph_merge_nodes
                0x0000000010000fdc       0x3e CMakeFiles/Sapphire_TempMonitor.dir/home/sapphire/pico/pico-sdk/src/common/pico_time/time.c.obj
 *fill*         0x000000001000101a        0x2 
 .text.add_alarm_under_lock
                0x000000001000101c      0x174 CMakeFiles/Sapphire_TempMonitor.dir/home/sapphire/pico/pico-sdk/src/common/pico_time/time.c.obj
 .text.alarm_pool_alarm_callback
                0x0000000010001190      0x32c CMakeFiles/Sapphire_TempMonitor.dir/home/sapphire/pico/pico-sdk/src/common/pico_time/time.c.obj
 .text.alarm_pool_init_default
                0x00000000100014bc       0x38 CMakeFiles/Sapphire_TempMonitor.dir/home/sapphire/pico/pico-sdk/src/common/pico_time/time.c.obj
                0x00000000100014bc                alarm_pool_init_default
 .text.alarm_pool_get_default
                0x00000000100014f4       0x2c CMakeFiles/Sapphire_TempMonitor.dir/home/sapphire/pico/pico-sdk/src/common/pico_time/time.c.obj
                0x00000000100014f4                alarm_pool_get_default
 .text.alarm_pool_add_alarm_at
                0x0000000010001520      0x170 CMakeFiles/Sapphire_TempMonitor.dir/home/sapphire/pico/pico-sdk/src/common/pico_time/time.c.obj
                0x0000000010001520                alarm_pool_add_alarm_at
 .text.alarm_pool_cancel_alarm
                0x0000000010001690       0xf0 CMakeFiles/Sapphire_TempMonitor.dir/home/sapphire/pico/pico-sdk/src/common/pico_time/time.c.obj
                0x0000000010001690                alarm_pool_cancel_alarm
 .text.sleep_until
                0x0000000010001780       0xfc CMakeFiles/Sapphire_TempMonitor.dir/home/sapphire/pico/pico-sdk/src/common/pico_time/time.c.obj
                0x0000000010001780                sleep_until
 .text.sleep_us
                0x000000001000187c       0x58 CMakeFiles/Sapphire_TempMonitor.dir/home/sapphire/pico/pico-sdk/src/common/pico_time/time.c.obj
                0x000000001000187c                sleep_us
 .text.sleep_ms
                0x00000000100018d4       0x14 CMakeFiles/Sapphire_TempMonitor.dir/home/sapphire/pico/pico-sdk/src/common/pico_time/time.c.obj
                0x00000000100018d4                sleep_ms
 .text.best_effort_wfe_or_timeout
                0x00000000100018e8       0x80 CMakeFiles/Sapphire_TempMonitor.dir/home/sapphire/pico/pico-sdk/src/common/pico_time/time.c.obj
                0x00000000100018e8                best_effort_wfe_or_timeout
 .text.hardware_alarm_irq_handler
                0x0000000010001968       0x8c CMakeFiles/Sapphire_TempMonitor.dir/home/sapphire/pico/pico-sdk/src/rp2_common/hardware_timer/timer.c.obj
 .text.hardware_alarm_claim
                0x00000000100019f4       0x18 CMakeFiles/Sapphire_TempMonitor.dir/home/sapphire/pico/pico-sdk/src/rp2_common/hardware_timer/timer.c.obj
                0x00000000100019f4                hardware_alarm_claim
 .text.time_us_64
                0x0000000010001a0c       0x18 CMakeFiles/Sapphire_TempMonitor.dir/home/sapphire/pico/pico-sdk/src/rp2_common/hardware_timer/timer.c.obj
                0x0000000010001a0c                time_us_64
 .text.busy_wait_until
                0x0000000010001a24       0x24 CMakeFiles/Sapphire_TempMonitor.dir/home/sapphire/pico/pico-sdk/src/rp2_common/hardware_timer/timer.c.obj
                0x0000000010001a24                busy_wait_until
 .text.busy_wait_us
                0x0000000010001a48       0x48 CMakeFiles/Sapphire_TempMonitor.dir/home/sapphire/pico/pico-sdk/src/rp2_common/hardware_timer/timer.c.obj
                0x0000000010001a48                busy_wait_us
 .text.busy_wait_us_32
                0x0000000010001a90       0x24 CMakeFiles/Sapphire_TempMonitor.dir/home/sapphire/pico/pico-sdk/src/rp2_common/hardware_timer/timer.c.obj
                0x0000000010001a90                busy_wait_us_32
 .text.hardware_alarm_set_callback
                0x0000000010001ab4       0x90 CMakeFiles/Sapphire_TempMonitor.dir/home/sapphire/pico/pico-sdk/src/rp2_common/hardware_timer/timer.c.obj
                0x0000000010001ab4                hardware_alarm_set_callback
 .text.hardware_alarm_set_target
                0x0000000010001b44       0xe8 CMakeFiles/Sapphire_TempMonitor.dir/home/sapphire/pico/pico-sdk/src/rp2_common/hardware_timer/timer.c.obj
                0x0000000010001b44                hardware_alarm_set_target
 .text.hardware_alarm_cancel
                0x0000000010001c2c       0x40 CMakeFiles/Sapphire_TempMonitor.dir/home/sapphire/pico/pico-sdk/src/rp2_common/hardware_timer/timer.c.obj
                0x0000000010001c2c                hardware_alarm_cancel
 .text.lock_init
                0x0000000010001c6c       0x10 CMakeFiles/Sapphire_TempMonitor.dir/home/sapphire/pico/pico-sdk/src/common/pico_sync/lock_core.c.obj
                0x0000000010001c6c                lock_init
 .text.mutex_init
                0x0000000010001c7c       0x1a CMakeFiles/Sapphire_TempMonitor.dir/home/sapphire/pico/pico-sdk/src/common/pico_sync/mutex.c.obj
                0x0000000010001c7c                mutex_init
 .text.recursive_mutex_init
                0x0000000010001c96       0x1e CMakeFiles/Sapphire_TempMonitor.dir/home/sapphire/pico/pico-sdk/src/common/pico_sync/mutex.c.obj
                0x0000000010001c96                recursive_mutex_init
 .text.critical_section_init_with_lock_num
                0x0000000010001cb4       0x14 CMakeFiles/Sapphire_TempMonitor.dir/home/sapphire/pico/pico-sdk/src/common/pico_sync/critical_section.c.obj
                0x0000000010001cb4                critical_section_init_with_lock_num
 .text.critical_section_init
                0x0000000010001cc8       0x14 CMakeFiles/Sapphire_TempMonitor.dir/home/sapphire/pico/pico-sdk/src/common/pico_sync/critical_section.c.obj
                0x0000000010001cc8                critical_section_init
 .text.ph_add_child_node
                0x0000000010001cdc       0xa4 CMakeFiles/Sapphire_TempMonitor.dir/home/sapphire/pico/pico-sdk/src/common/pico_util/pheap.c.obj
 .text.ph_merge_nodes
                0x0000000010001d80       0x3e CMakeFiles/Sapphire_TempMonitor.dir/home/sapphire/pico/pico-sdk/src/common/pico_util/pheap.c.obj
 *fill*         0x0000000010001dbe        0x2 
 .text.ph_clear
                0x0000000010001dc0       0x70 CMakeFiles/Sapphire_TempMonitor.dir/home/sapphire/pico/pico-sdk/src/common/pico_util/pheap.c.obj
                0x0000000010001dc0                ph_clear
 .text.ph_post_alloc_init
                0x0000000010001e30        0xe CMakeFiles/Sapphire_TempMonitor.dir/home/sapphire/pico/pico-sdk/src/common/pico_util/pheap.c.obj
                0x0000000010001e30                ph_post_alloc_init
 *fill*         0x0000000010001e3e        0x2 
 .text.ph_merge_two_pass
                0x0000000010001e40       0xa8 CMakeFiles/Sapphire_TempMonitor.dir/home/sapphire/pico/pico-sdk/src/common/pico_util/pheap.c.obj
                0x0000000010001e40                ph_merge_two_pass
 .text.ph_remove_any_head
                0x0000000010001ee8      0x108 CMakeFiles/Sapphire_TempMonitor.dir/home/sapphire/pico/pico-sdk/src/common/pico_util/pheap.c.obj
 .text.ph_remove_head
                0x0000000010001ff0       0x14 CMakeFiles/Sapphire_TempMonitor.dir/home/sapphire/pico/pico-sdk/src/common/pico_util/pheap.c.obj
                0x0000000010001ff0                ph_remove_head
 .text.ph_remove_and_free_node
                0x0000000010002004       0xf8 CMakeFiles/Sapphire_TempMonitor.dir/home/sapphire/pico/pico-sdk/src/common/pico_util/pheap.c.obj
                0x0000000010002004                ph_remove_and_free_node
 .text._exit    0x00000000100020fc        0x4 CMakeFiles/Sapphire_TempMonitor.dir/home/sapphire/pico/pico-sdk/src/rp2_common/pico_runtime/runtime.c.obj
                0x00000000100020fc                _exit
 .text._sbrk    0x0000000010002100       0x38 CMakeFiles/Sapphire_TempMonitor.dir/home/sapphire/pico/pico-sdk/src/rp2_common/pico_runtime/runtime.c.obj
                0x0000000010002100                _sbrk
 .text.exit     0x0000000010002138        0x6 CMakeFiles/Sapphire_TempMonitor.dir/home/sapphire/pico/pico-sdk/src/rp2_common/pico_runtime/runtime.c.obj
                0x0000000010002138                exit
 *fill*         0x000000001000213e        0x2 
 .text.__assert_func
                0x0000000010002140       0x3c CMakeFiles/Sapphire_TempMonitor.dir/home/sapphire/pico/pico-sdk/src/rp2_common/pico_runtime/runtime.c.obj
                0x0000000010002140                __assert_func
 .text.runtime_init
                0x000000001000217c       0xf8 CMakeFiles/Sapphire_TempMonitor.dir/home/sapphire/pico/pico-sdk/src/rp2_common/pico_runtime/runtime.c.obj
                0x000000001000217c                runtime_init
 .text.panic    0x0000000010002274       0x30 CMakeFiles/Sapphire_TempMonitor.dir/home/sapphire/pico/pico-sdk/src/rp2_common/pico_runtime/runtime.c.obj
                0x0000000010002274                panic
 .text.clock_configure
                0x00000000100022a4      0x104 CMakeFiles/Sapphire_TempMonitor.dir/home/sapphire/pico/pico-sdk/src/rp2_common/hardware_clocks/clocks.c.obj
                0x00000000100022a4                clock_configure
 .text.clocks_init
                0x00000000100023a8      0x100 CMakeFiles/Sapphire_TempMonitor.dir/home/sapphire/pico/pico-sdk/src/rp2_common/hardware_clocks/clocks.c.obj
                0x00000000100023a8                clocks_init
 .text.clock_get_hz
                0x00000000100024a8        0xc CMakeFiles/Sapphire_TempMonitor.dir/home/sapphire/pico/pico-sdk/src/rp2_common/hardware_clocks/clocks.c.obj
                0x00000000100024a8                clock_get_hz
 .text.set_raw_irq_handler_and_unlock
                0x00000000100024b4       0x28 CMakeFiles/Sapphire_TempMonitor.dir/home/sapphire/pico/pico-sdk/src/rp2_common/hardware_irq/irq.c.obj
 .text.make_branch
                0x00000000100024dc       0x34 CMakeFiles/Sapphire_TempMonitor.dir/home/sapphire/pico/pico-sdk/src/rp2_common/hardware_irq/irq.c.obj
 .text.insert_branch_and_link
                0x0000000010002510       0x40 CMakeFiles/Sapphire_TempMonitor.dir/home/sapphire/pico/pico-sdk/src/rp2_common/hardware_irq/irq.c.obj
 .text.irq_is_enabled
                0x0000000010002550       0x18 CMakeFiles/Sapphire_TempMonitor.dir/home/sapphire/pico/pico-sdk/src/rp2_common/hardware_irq/irq.c.obj
                0x0000000010002550                irq_is_enabled
 .text.irq_set_mask_enabled
                0x0000000010002568       0x20 CMakeFiles/Sapphire_TempMonitor.dir/home/sapphire/pico/pico-sdk/src/rp2_common/hardware_irq/irq.c.obj
                0x0000000010002568                irq_set_mask_enabled
 .text.irq_set_enabled
                0x0000000010002588        0xe CMakeFiles/Sapphire_TempMonitor.dir/home/sapphire/pico/pico-sdk/src/rp2_common/hardware_irq/irq.c.obj
                0x0000000010002588                irq_set_enabled
 *fill*         0x0000000010002596        0x2 
 .text.irq_set_pending
                0x0000000010002598       0x10 CMakeFiles/Sapphire_TempMonitor.dir/home/sapphire/pico/pico-sdk/src/rp2_common/hardware_irq/irq.c.obj
                0x0000000010002598                irq_set_pending
 .text.irq_get_vtable_handler
                0x00000000100025a8       0x10 CMakeFiles/Sapphire_TempMonitor.dir/home/sapphire/pico/pico-sdk/src/rp2_common/hardware_irq/irq.c.obj
                0x00000000100025a8                irq_get_vtable_handler
 .text.irq_set_exclusive_handler
                0x00000000100025b8       0x54 CMakeFiles/Sapphire_TempMonitor.dir/home/sapphire/pico/pico-sdk/src/rp2_common/hardware_irq/irq.c.obj
                0x00000000100025b8                irq_set_exclusive_handler
 .text.irq_remove_handler
                0x000000001000260c      0x1ac CMakeFiles/Sapphire_TempMonitor.dir/home/sapphire/pico/pico-sdk/src/rp2_common/hardware_irq/irq.c.obj
                0x000000001000260c                irq_remove_handler
 .text.irq_add_tail_to_free_list
                0x00000000100027b8       0xf0 CMakeFiles/Sapphire_TempMonitor.dir/home/sapphire/pico/pico-sdk/src/rp2_common/hardware_irq/irq.c.obj
                0x00000000100027b8                irq_add_tail_to_free_list
 .text.irq_init_priorities
                0x00000000100028a8       0x1c CMakeFiles/Sapphire_TempMonitor.dir/home/sapphire/pico/pico-sdk/src/rp2_common/hardware_irq/irq.c.obj
                0x00000000100028a8                irq_init_priorities
 .text.pll_init
                0x00000000100028c4      0x118 CMakeFiles/Sapphire_TempMonitor.dir/home/sapphire/pico/pico-sdk/src/rp2_common/hardware_pll/pll.c.obj
                0x00000000100028c4                pll_init
 .text.watchdog_start_tick
                0x00000000100029dc       0x10 CMakeFiles/Sapphire_TempMonitor.dir/home/sapphire/pico/pico-sdk/src/rp2_common/hardware_watchdog/watchdog.c.obj
                0x00000000100029dc                watchdog_start_tick
 .text.watchdog_update
                0x00000000100029ec       0x14 CMakeFiles/Sapphire_TempMonitor.dir/home/sapphire/pico/pico-sdk/src/rp2_common/hardware_watchdog/watchdog.c.obj
                0x00000000100029ec                watchdog_update
 .text._watchdog_enable
                0x0000000010002a00       0x78 CMakeFiles/Sapphire_TempMonitor.dir/home/sapphire/pico/pico-sdk/src/rp2_common/hardware_watchdog/watchdog.c.obj
                0x0000000010002a00                _watchdog_enable
 .text.watchdog_reboot
                0x0000000010002a78       0x48 CMakeFiles/Sapphire_TempMonitor.dir/home/sapphire/pico/pico-sdk/src/rp2_common/hardware_watchdog/watchdog.c.obj
                0x0000000010002a78                watchdog_reboot
 .text.xosc_init
                0x0000000010002ac0       0x28 CMakeFiles/Sapphire_TempMonitor.dir/home/sapphire/pico/pico-sdk/src/rp2_common/hardware_xosc/xosc.c.obj
                0x0000000010002ac0                xosc_init
 .text._out_buffer
                0x0000000010002ae8        0x8 CMakeFiles/Sapphire_TempMonitor.dir/home/sapphire/pico/pico-sdk/src/rp2_common/pico_printf/printf.c.obj
 .text._out_null
                0x0000000010002af0        0x2 CMakeFiles/Sapphire_TempMonitor.dir/home/sapphire/pico/pico-sdk/src/rp2_common/pico_printf/printf.c.obj
 .text._out_fct
                0x0000000010002af2        0xe CMakeFiles/Sapphire_TempMonitor.dir/home/sapphire/pico/pico-sdk/src/rp2_common/pico_printf/printf.c.obj
 .text._atoi    0x0000000010002b00       0x24 CMakeFiles/Sapphire_TempMonitor.dir/home/sapphire/pico/pico-sdk/src/rp2_common/pico_printf/printf.c.obj
 .text._out_rev
                0x0000000010002b24       0xae CMakeFiles/Sapphire_TempMonitor.dir/home/sapphire/pico/pico-sdk/src/rp2_common/pico_printf/printf.c.obj
 .text._ntoa_format
                0x0000000010002bd2      0x110 CMakeFiles/Sapphire_TempMonitor.dir/home/sapphire/pico/pico-sdk/src/rp2_common/pico_printf/printf.c.obj
 .text._ntoa_long
                0x0000000010002ce2       0xbc CMakeFiles/Sapphire_TempMonitor.dir/home/sapphire/pico/pico-sdk/src/rp2_common/pico_printf/printf.c.obj
 .text._ntoa_long_long
                0x0000000010002d9e       0xe2 CMakeFiles/Sapphire_TempMonitor.dir/home/sapphire/pico/pico-sdk/src/rp2_common/pico_printf/printf.c.obj
 .text._etoa    0x0000000010002e80      0x40c CMakeFiles/Sapphire_TempMonitor.dir/home/sapphire/pico/pico-sdk/src/rp2_common/pico_printf/printf.c.obj
 .text._ftoa    0x000000001000328c      0x354 CMakeFiles/Sapphire_TempMonitor.dir/home/sapphire/pico/pico-sdk/src/rp2_common/pico_printf/printf.c.obj
 .text._vsnprintf
                0x00000000100035e0      0x628 CMakeFiles/Sapphire_TempMonitor.dir/home/sapphire/pico/pico-sdk/src/rp2_common/pico_printf/printf.c.obj
 .text.__wrap_vsnprintf
                0x0000000010003c08       0x1c CMakeFiles/Sapphire_TempMonitor.dir/home/sapphire/pico/pico-sdk/src/rp2_common/pico_printf/printf.c.obj
                0x0000000010003c08                __wrap_vsnprintf
 .text.vfctprintf
                0x0000000010003c24       0x20 CMakeFiles/Sapphire_TempMonitor.dir/home/sapphire/pico/pico-sdk/src/rp2_common/pico_printf/printf.c.obj
                0x0000000010003c24                vfctprintf
 .text          0x0000000010003c44       0x10 CMakeFiles/Sapphire_TempMonitor.dir/home/sapphire/pico/pico-sdk/src/rp2_common/pico_bit_ops/bit_ops_aeabi.S.obj
 .text.rom_func_lookup
                0x0000000010003c54       0x10 CMakeFiles/Sapphire_TempMonitor.dir/home/sapphire/pico/pico-sdk/src/rp2_common/pico_bootrom/bootrom.c.obj
                0x0000000010003c54                rom_func_lookup
 .text.rom_data_lookup
                0x0000000010003c64       0x10 CMakeFiles/Sapphire_TempMonitor.dir/home/sapphire/pico/pico-sdk/src/rp2_common/pico_bootrom/bootrom.c.obj
                0x0000000010003c64                rom_data_lookup
 .text.rom_funcs_lookup
                0x0000000010003c74       0x36 CMakeFiles/Sapphire_TempMonitor.dir/home/sapphire/pico/pico-sdk/src/rp2_common/pico_bootrom/bootrom.c.obj
                0x0000000010003c74                rom_funcs_lookup
 *fill*         0x0000000010003caa        0x2 
 .text.__wrap___aeabi_idiv
                0x0000000010003cac       0x50 CMakeFiles/Sapphire_TempMonitor.dir/home/sapphire/pico/pico-sdk/src/rp2_common/pico_divider/divider.S.obj
                0x0000000010003cac                __wrap___aeabi_idivmod
                0x0000000010003cac                divmod_s32s32
                0x0000000010003cac                div_s32s32
                0x0000000010003cac                __wrap___aeabi_idiv
                0x0000000010003cb4                divmod_s32s32_unsafe
                0x0000000010003ce0                divmod_s32s32_savestate
 .text.__wrap___aeabi_uidiv
                0x0000000010003cfc       0x4c CMakeFiles/Sapphire_TempMonitor.dir/home/sapphire/pico/pico-sdk/src/rp2_common/pico_divider/divider.S.obj
                0x0000000010003cfc                __wrap___aeabi_uidiv
                0x0000000010003cfc                __wrap___aeabi_uidivmod
                0x0000000010003cfc                div_u32u32
                0x0000000010003cfc                divmod_u32u32
                0x0000000010003d04                divmod_u32u32_unsafe
                0x0000000010003d2c                divmod_u32u32_savestate
 .text.__wrap___aeabi_ldiv
                0x0000000010003d48      0x434 CMakeFiles/Sapphire_TempMonitor.dir/home/sapphire/pico/pico-sdk/src/rp2_common/pico_divider/divider.S.obj
                0x0000000010003d48                div_s64s64
                0x0000000010003d48                divmod_s64s64
                0x0000000010003d48                __wrap___aeabi_ldivmod
                0x0000000010003d80                div_u64u64
                0x0000000010003d80                divmod_u64u64
                0x0000000010003d80                __wrap___aeabi_uldivmod
                0x0000000010003d90                divmod_u64u64_savestate
                0x0000000010003db8                divmod_s64s64_unsafe
                0x0000000010003e40                divmod_u64u64_unsafe
 .text.__wrap___aeabi_darithmetic
                0x000000001000417c       0x80 CMakeFiles/Sapphire_TempMonitor.dir/home/sapphire/pico/pico-sdk/src/rp2_common/pico_double/double_aeabi.S.obj
                0x000000001000417c                __wrap___aeabi_drsub
                0x0000000010004182                __wrap___aeabi_dsub
                0x0000000010004194                __wrap___aeabi_dadd
                0x00000000100041a6                __wrap___aeabi_ddiv
                0x00000000100041e2                __wrap___aeabi_dmul
 .text.__wrap___aeabi_cdcmple
                0x00000000100041fc       0x6c CMakeFiles/Sapphire_TempMonitor.dir/home/sapphire/pico/pico-sdk/src/rp2_common/pico_double/double_aeabi.S.obj
                0x00000000100041fc                __wrap___aeabi_cdrcmple
                0x000000001000420c                __wrap___aeabi_cdcmple
                0x000000001000420c                __wrap___aeabi_cdcmpeq
 .text.__wrap___aeabi_dcmpeq
                0x0000000010004268       0x10 CMakeFiles/Sapphire_TempMonitor.dir/home/sapphire/pico/pico-sdk/src/rp2_common/pico_double/double_aeabi.S.obj
                0x0000000010004268                __wrap___aeabi_dcmpeq
 .text.__wrap___aeabi_dcmplt
                0x0000000010004278        0xc CMakeFiles/Sapphire_TempMonitor.dir/home/sapphire/pico/pico-sdk/src/rp2_common/pico_double/double_aeabi.S.obj
                0x0000000010004278                __wrap___aeabi_dcmplt
 .text.__wrap___aeabi_dcmple
                0x0000000010004284       0x10 CMakeFiles/Sapphire_TempMonitor.dir/home/sapphire/pico/pico-sdk/src/rp2_common/pico_double/double_aeabi.S.obj
                0x0000000010004284                __wrap___aeabi_dcmple
 .text.__wrap___aeabi_dcmpge
                0x0000000010004294       0x10 CMakeFiles/Sapphire_TempMonitor.dir/home/sapphire/pico/pico-sdk/src/rp2_common/pico_double/double_aeabi.S.obj
                0x0000000010004294                __wrap___aeabi_dcmpge
 .text.__wrap___aeabi_dcmpgt
                0x00000000100042a4        0xa CMakeFiles/Sapphire_TempMonitor.dir/home/sapphire/pico/pico-sdk/src/rp2_common/pico_double/double_aeabi.S.obj
                0x00000000100042a4                __wrap___aeabi_dcmpgt
 .text.__wrap___aeabi_dcmpun
                0x00000000100042ae       0x1c CMakeFiles/Sapphire_TempMonitor.dir/home/sapphire/pico/pico-sdk/src/rp2_common/pico_double/double_aeabi.S.obj
                0x00000000100042ae                __wrap___aeabi_dcmpun
 *fill*         0x00000000100042ca        0x2 
 .text.__wrap___aeabi_i2d
                0x00000000100042cc       0x38 CMakeFiles/Sapphire_TempMonitor.dir/home/sapphire/pico/pico-sdk/src/rp2_common/pico_double/double_aeabi.S.obj
                0x00000000100042cc                __wrap___aeabi_ui2d
                0x00000000100042d4                __wrap___aeabi_i2d
 .text.__wrap___aeabi_d2iz
                0x0000000010004304       0x48 CMakeFiles/Sapphire_TempMonitor.dir/home/sapphire/pico/pico-sdk/src/rp2_common/pico_double/double_aeabi.S.obj
                0x0000000010004304                __wrap___aeabi_d2iz
                0x0000000010004304                double2int_z
 .text.__wrap___aeabi_d2uiz
                0x000000001000434c       0x18 CMakeFiles/Sapphire_TempMonitor.dir/home/sapphire/pico/pico-sdk/src/rp2_common/pico_double/double_aeabi.S.obj
                0x000000001000434c                double2uint
                0x000000001000434c                __wrap___aeabi_d2uiz
 .text.__wrap___aeabi_d2f
                0x0000000010004364       0x18 CMakeFiles/Sapphire_TempMonitor.dir/home/sapphire/pico/pico-sdk/src/rp2_common/pico_double/double_aeabi.S.obj
                0x0000000010004364                __wrap___aeabi_d2f
 .text.__wrap_exp
                0x000000001000437c       0x18 CMakeFiles/Sapphire_TempMonitor.dir/home/sapphire/pico/pico-sdk/src/rp2_common/pico_double/double_aeabi.S.obj
                0x000000001000437c                __wrap_exp
 .text.__wrap_log
                0x0000000010004394       0x18 CMakeFiles/Sapphire_TempMonitor.dir/home/sapphire/pico/pico-sdk/src/rp2_common/pico_double/double_aeabi.S.obj
                0x0000000010004394                __wrap_log
 .text.__aeabi_double_init
                0x00000000100043ac       0xc8 CMakeFiles/Sapphire_TempMonitor.dir/home/sapphire/pico/pico-sdk/src/rp2_common/pico_double/double_init_rom.c.obj
                0x00000000100043ac                __aeabi_double_init
 .text.dpow_int2
                0x0000000010004474       0x2c CMakeFiles/Sapphire_TempMonitor.dir/home/sapphire/pico/pico-sdk/src/rp2_common/pico_double/double_math.c.obj
 .text.dpow_1   0x00000000100044a0      0x27c CMakeFiles/Sapphire_TempMonitor.dir/home/sapphire/pico/pico-sdk/src/rp2_common/pico_double/double_math.c.obj
 .text.dpow_0   0x000000001000471c      0x170 CMakeFiles/Sapphire_TempMonitor.dir/home/sapphire/pico/pico-sdk/src/rp2_common/pico_double/double_math.c.obj
 .text.__wrap_ldexp
                0x000000001000488c       0x50 CMakeFiles/Sapphire_TempMonitor.dir/home/sapphire/pico/pico-sdk/src/rp2_common/pico_double/double_math.c.obj
                0x000000001000488c                __wrap_ldexp
 .text.__wrap_round
                0x00000000100048dc       0x9c CMakeFiles/Sapphire_TempMonitor.dir/home/sapphire/pico/pico-sdk/src/rp2_common/pico_double/double_math.c.obj
                0x00000000100048dc                __wrap_round
 .text.__wrap_exp2
                0x0000000010004978       0xcc CMakeFiles/Sapphire_TempMonitor.dir/home/sapphire/pico/pico-sdk/src/rp2_common/pico_double/double_math.c.obj
                0x0000000010004978                __wrap_exp2
 .text.__wrap_log10
                0x0000000010004a44       0x18 CMakeFiles/Sapphire_TempMonitor.dir/home/sapphire/pico/pico-sdk/src/rp2_common/pico_double/double_math.c.obj
                0x0000000010004a44                __wrap_log10
 .text.__wrap_pow
                0x0000000010004a5c      0x394 CMakeFiles/Sapphire_TempMonitor.dir/home/sapphire/pico/pico-sdk/src/rp2_common/pico_double/double_math.c.obj
                0x0000000010004a5c                __wrap_pow
 .text.double_table_shim_on_use_helper
                0x0000000010004df0       0x34 CMakeFiles/Sapphire_TempMonitor.dir/home/sapphire/pico/pico-sdk/src/rp2_common/pico_double/double_v1_rom_shim.S.obj
                0x0000000010004df0                double_table_shim_on_use_helper
 .text.__wrap___aeabi_dsub
                0x0000000010004e24       0x10 CMakeFiles/Sapphire_TempMonitor.dir/home/sapphire/pico/pico-sdk/src/rp2_common/pico_double/double_v1_rom_shim.S.obj
                0x0000000010004e24                drsub_shim
                0x0000000010004e2a                dsub_shim
 .text.dadd_shim
                0x0000000010004e34      0x15c CMakeFiles/Sapphire_TempMonitor.dir/home/sapphire/pico/pico-sdk/src/rp2_common/pico_double/double_v1_rom_shim.S.obj
                0x0000000010004e34                dadd_shim
 .text.dmul_shim
                0x0000000010004f90      0x15c CMakeFiles/Sapphire_TempMonitor.dir/home/sapphire/pico/pico-sdk/src/rp2_common/pico_double/double_v1_rom_shim.S.obj
                0x0000000010004f90                dmul_shim
 .text.ddiv_shim
                0x00000000100050ec      0x1b0 CMakeFiles/Sapphire_TempMonitor.dir/home/sapphire/pico/pico-sdk/src/rp2_common/pico_double/double_v1_rom_shim.S.obj
                0x00000000100050ec                ddiv_shim
 .text.double2uint_shim
                0x000000001000529c        0xe CMakeFiles/Sapphire_TempMonitor.dir/home/sapphire/pico/pico-sdk/src/rp2_common/pico_double/double_v1_rom_shim.S.obj
                0x000000001000529c                double2uint_shim
                0x000000001000529e                double2ufix_shim
 *fill*         0x00000000100052aa        0x2 
 .text.double2uint64_shim
                0x00000000100052ac       0x70 CMakeFiles/Sapphire_TempMonitor.dir/home/sapphire/pico/pico-sdk/src/rp2_common/pico_double/double_v1_rom_shim.S.obj
                0x00000000100052ac                double2uint64_shim
                0x00000000100052ae                double2ufix64_shim
                0x00000000100052ce                d2fix_a
 .text.double2float_shim
                0x000000001000531c       0x5c CMakeFiles/Sapphire_TempMonitor.dir/home/sapphire/pico/pico-sdk/src/rp2_common/pico_double/double_v1_rom_shim.S.obj
                0x000000001000531c                double2float_shim
 .text.x2double_shims
                0x0000000010005378       0x90 CMakeFiles/Sapphire_TempMonitor.dir/home/sapphire/pico/pico-sdk/src/rp2_common/pico_double/double_v1_rom_shim.S.obj
                0x0000000010005378                uint2double_shim
                0x000000001000537a                ufix2double_shim
                0x0000000010005380                int2double_shim
                0x0000000010005382                fix2double_shim
                0x0000000010005388                uint642double_shim
                0x000000001000538a                ufix642double_shim
                0x0000000010005390                int642double_shim
                0x0000000010005392                fix642double_shim
 .text.dunpacks
                0x0000000010005408       0x3c CMakeFiles/Sapphire_TempMonitor.dir/home/sapphire/pico/pico-sdk/src/rp2_common/pico_double/double_v1_rom_shim.S.obj
                0x0000000010005408                dunpacks
 .text.dreduce  0x0000000010005444       0x82 CMakeFiles/Sapphire_TempMonitor.dir/home/sapphire/pico/pico-sdk/src/rp2_common/pico_double/double_v1_rom_shim.S.obj
                0x0000000010005444                dreduce
 *fill*         0x00000000100054c6        0x2 
 .text.dexp_guts
                0x00000000100054c8      0x268 CMakeFiles/Sapphire_TempMonitor.dir/home/sapphire/pico/pico-sdk/src/rp2_common/pico_double/double_v1_rom_shim.S.obj
                0x00000000100054c8                dexp_shim
                0x0000000010005564                dln_shim
 .text.__aeabi_lmul
                0x0000000010005730       0x32 CMakeFiles/Sapphire_TempMonitor.dir/home/sapphire/pico/pico-sdk/src/rp2_common/pico_int64_ops/pico_int64_ops_aeabi.S.obj
                0x0000000010005730                __wrap___aeabi_lmul
 *fill*         0x0000000010005762        0x2 
 .text.__wrap___aeabi_farithmetic
                0x0000000010005764       0x58 CMakeFiles/Sapphire_TempMonitor.dir/home/sapphire/pico/pico-sdk/src/rp2_common/pico_float/float_aeabi.S.obj
                0x0000000010005764                __wrap___aeabi_frsub
                0x000000001000576a                __wrap___aeabi_fsub
                0x0000000010005774                __wrap___aeabi_fadd
                0x000000001000577e                __wrap___aeabi_fdiv
                0x00000000100057aa                __wrap___aeabi_fmul
 .text.__wrap___aeabi_cfcmple
                0x00000000100057bc       0x50 CMakeFiles/Sapphire_TempMonitor.dir/home/sapphire/pico/pico-sdk/src/rp2_common/pico_float/float_aeabi.S.obj
                0x00000000100057bc                __wrap___aeabi_cfrcmple
                0x00000000100057c8                __wrap___aeabi_cfcmpeq
                0x00000000100057c8                __wrap___aeabi_cfcmple
 .text.__wrap___aeabi_fcmpgt
                0x000000001000580c        0xa CMakeFiles/Sapphire_TempMonitor.dir/home/sapphire/pico/pico-sdk/src/rp2_common/pico_float/float_aeabi.S.obj
                0x000000001000580c                __wrap___aeabi_fcmpgt
 *fill*         0x0000000010005816        0x2 
 .text.__wrap___aeabi_i2f
                0x0000000010005818       0x44 CMakeFiles/Sapphire_TempMonitor.dir/home/sapphire/pico/pico-sdk/src/rp2_common/pico_float/float_aeabi.S.obj
                0x0000000010005818                __wrap___aeabi_i2f
 .text.__wrap___aeabi_f2d
                0x000000001000585c       0x14 CMakeFiles/Sapphire_TempMonitor.dir/home/sapphire/pico/pico-sdk/src/rp2_common/pico_float/float_aeabi.S.obj
                0x000000001000585c                __wrap___aeabi_f2d
 .text.__aeabi_float_init
                0x0000000010005870       0xfc CMakeFiles/Sapphire_TempMonitor.dir/home/sapphire/pico/pico-sdk/src/rp2_common/pico_float/float_init_rom.c.obj
                0x0000000010005870                __aeabi_float_init
 .text.float_table_shim_on_use_helper
                0x000000001000596c       0x34 CMakeFiles/Sapphire_TempMonitor.dir/home/sapphire/pico/pico-sdk/src/rp2_common/pico_float/float_v1_rom_shim.S.obj
                0x000000001000596c                float_table_shim_on_use_helper
 .text.float2double_shim
                0x00000000100059a0       0x30 CMakeFiles/Sapphire_TempMonitor.dir/home/sapphire/pico/pico-sdk/src/rp2_common/pico_float/float_v1_rom_shim.S.obj
                0x00000000100059a0                float2double_shim
 .text.__wrap_malloc
                0x00000000100059d0       0x24 CMakeFiles/Sapphire_TempMonitor.dir/home/sapphire/pico/pico-sdk/src/rp2_common/pico_malloc/pico_malloc.c.obj
                0x00000000100059d0                __wrap_malloc
 .text.__wrap_free
                0x00000000100059f4        0x8 CMakeFiles/Sapphire_TempMonitor.dir/home/sapphire/pico/pico-sdk/src/rp2_common/pico_malloc/pico_malloc.c.obj
                0x00000000100059f4                __wrap_free
 .text          0x00000000100059fc       0x10 CMakeFiles/Sapphire_TempMonitor.dir/home/sapphire/pico/pico-sdk/src/rp2_common/pico_mem_ops/mem_ops_aeabi.S.obj
                0x00000000100059fc                __aeabi_mem_init
 .text.memset   0x0000000010005a0c        0xc CMakeFiles/Sapphire_TempMonitor.dir/home/sapphire/pico/pico-sdk/src/rp2_common/pico_mem_ops/mem_ops_aeabi.S.obj
                0x0000000010005a0c                __wrap_memset
 .text.memcpy   0x0000000010005a18        0xc CMakeFiles/Sapphire_TempMonitor.dir/home/sapphire/pico/pico-sdk/src/rp2_common/pico_mem_ops/mem_ops_aeabi.S.obj
                0x0000000010005a18                __wrap___aeabi_memcpy
                0x0000000010005a18                __wrap_memcpy
 .text._Znwj    0x0000000010005a24        0x8 CMakeFiles/Sapphire_TempMonitor.dir/home/sapphire/pico/pico-sdk/src/rp2_common/pico_standard_link/new_delete.cpp.obj
                0x0000000010005a24                operator new(unsigned int)
 .text._ZdlPv   0x0000000010005a2c        0x8 CMakeFiles/Sapphire_TempMonitor.dir/home/sapphire/pico/pico-sdk/src/rp2_common/pico_standard_link/new_delete.cpp.obj
                0x0000000010005a2c                operator delete(void*)
 .text._ZdlPvj  0x0000000010005a34        0x8 CMakeFiles/Sapphire_TempMonitor.dir/home/sapphire/pico/pico-sdk/src/rp2_common/pico_standard_link/new_delete.cpp.obj
                0x0000000010005a34                operator delete(void*, unsigned int)
 .text.stdio_out_chars_no_crlf
                0x0000000010005a3c        0xe CMakeFiles/Sapphire_TempMonitor.dir/home/sapphire/pico/pico-sdk/src/rp2_common/pico_stdio/stdio.c.obj
 *fill*         0x0000000010005a4a        0x2 
 .text.stdio_out_chars_crlf
                0x0000000010005a4c       0x80 CMakeFiles/Sapphire_TempMonitor.dir/home/sapphire/pico/pico-sdk/src/rp2_common/pico_stdio/stdio.c.obj
 .text.stdio_stack_buffer_flush
                0x0000000010005acc       0x44 CMakeFiles/Sapphire_TempMonitor.dir/home/sapphire/pico/pico-sdk/src/rp2_common/pico_stdio/stdio.c.obj
 .text.stdio_buffered_printer
                0x0000000010005b10       0x20 CMakeFiles/Sapphire_TempMonitor.dir/home/sapphire/pico/pico-sdk/src/rp2_common/pico_stdio/stdio.c.obj
 .text.stdout_serialize_begin
                0x0000000010005b30       0x30 CMakeFiles/Sapphire_TempMonitor.dir/home/sapphire/pico/pico-sdk/src/rp2_common/pico_stdio/stdio.c.obj
                0x0000000010005b30                stdout_serialize_begin
 .text.stdout_serialize_end
                0x0000000010005b60       0x10 CMakeFiles/Sapphire_TempMonitor.dir/home/sapphire/pico/pico-sdk/src/rp2_common/pico_stdio/stdio.c.obj
                0x0000000010005b60                stdout_serialize_end
 .text.stdio_put_string
                0x0000000010005b70       0x98 CMakeFiles/Sapphire_TempMonitor.dir/home/sapphire/pico/pico-sdk/src/rp2_common/pico_stdio/stdio.c.obj
 .text.stdio_set_driver_enabled
                0x0000000010005c08       0x38 CMakeFiles/Sapphire_TempMonitor.dir/home/sapphire/pico/pico-sdk/src/rp2_common/pico_stdio/stdio.c.obj
                0x0000000010005c08                stdio_set_driver_enabled
 .text.stdio_flush
                0x0000000010005c40       0x20 CMakeFiles/Sapphire_TempMonitor.dir/home/sapphire/pico/pico-sdk/src/rp2_common/pico_stdio/stdio.c.obj
                0x0000000010005c40                stdio_flush
 .text.__wrap_puts
                0x0000000010005c60       0x1e CMakeFiles/Sapphire_TempMonitor.dir/home/sapphire/pico/pico-sdk/src/rp2_common/pico_stdio/stdio.c.obj
                0x0000000010005c60                __wrap_puts
 *fill*         0x0000000010005c7e        0x2 
 .text.__wrap_vprintf
                0x0000000010005c80       0x44 CMakeFiles/Sapphire_TempMonitor.dir/home/sapphire/pico/pico-sdk/src/rp2_common/pico_stdio/stdio.c.obj
                0x0000000010005c80                __wrap_vprintf
 .text.__wrap_printf
                0x0000000010005cc4       0x18 CMakeFiles/Sapphire_TempMonitor.dir/home/sapphire/pico/pico-sdk/src/rp2_common/pico_stdio/stdio.c.obj
                0x0000000010005cc4                __wrap_printf
 .text.stdio_init_all
                0x0000000010005cdc        0x8 CMakeFiles/Sapphire_TempMonitor.dir/home/sapphire/pico/pico-sdk/src/rp2_common/pico_stdio/stdio.c.obj
                0x0000000010005cdc                stdio_init_all
 .text.resetd_init
                0x0000000010005ce4        0x2 CMakeFiles/Sapphire_TempMonitor.dir/home/sapphire/pico/pico-sdk/src/rp2_common/pico_stdio_usb/reset_interface.c.obj
 *fill*         0x0000000010005ce6        0x2 
 .text.resetd_reset
                0x0000000010005ce8        0xc CMakeFiles/Sapphire_TempMonitor.dir/home/sapphire/pico/pico-sdk/src/rp2_common/pico_stdio_usb/reset_interface.c.obj
 .text.resetd_open
                0x0000000010005cf4       0x34 CMakeFiles/Sapphire_TempMonitor.dir/home/sapphire/pico/pico-sdk/src/rp2_common/pico_stdio_usb/reset_interface.c.obj
 .text.resetd_xfer_cb
                0x0000000010005d28        0x4 CMakeFiles/Sapphire_TempMonitor.dir/home/sapphire/pico/pico-sdk/src/rp2_common/pico_stdio_usb/reset_interface.c.obj
 .text.resetd_control_xfer_cb
                0x0000000010005d2c       0x6c CMakeFiles/Sapphire_TempMonitor.dir/home/sapphire/pico/pico-sdk/src/rp2_common/pico_stdio_usb/reset_interface.c.obj
 .text.usbd_app_driver_get_cb
                0x0000000010005d98        0xc CMakeFiles/Sapphire_TempMonitor.dir/home/sapphire/pico/pico-sdk/src/rp2_common/pico_stdio_usb/reset_interface.c.obj
                0x0000000010005d98                usbd_app_driver_get_cb
 .text.tud_cdc_line_coding_cb
                0x0000000010005da4       0x34 CMakeFiles/Sapphire_TempMonitor.dir/home/sapphire/pico/pico-sdk/src/rp2_common/pico_stdio_usb/reset_interface.c.obj
                0x0000000010005da4                tud_cdc_line_coding_cb
 .text.stdio_usb_in_chars
                0x0000000010005dd8       0x70 CMakeFiles/Sapphire_TempMonitor.dir/home/sapphire/pico/pico-sdk/src/rp2_common/pico_stdio_usb/stdio_usb.c.obj
                0x0000000010005dd8                stdio_usb_in_chars
 .text.low_priority_worker_irq
                0x0000000010005e48       0x20 CMakeFiles/Sapphire_TempMonitor.dir/home/sapphire/pico/pico-sdk/src/rp2_common/pico_stdio_usb/stdio_usb.c.obj
 .text.stdio_usb_out_chars
                0x0000000010005e68       0xd4 CMakeFiles/Sapphire_TempMonitor.dir/home/sapphire/pico/pico-sdk/src/rp2_common/pico_stdio_usb/stdio_usb.c.obj
 .text.timer_task
                0x0000000010005f3c       0x10 CMakeFiles/Sapphire_TempMonitor.dir/home/sapphire/pico/pico-sdk/src/rp2_common/pico_stdio_usb/stdio_usb.c.obj
 .text.stdio_usb_init
                0x0000000010005f4c       0xb8 CMakeFiles/Sapphire_TempMonitor.dir/home/sapphire/pico/pico-sdk/src/rp2_common/pico_stdio_usb/stdio_usb.c.obj
                0x0000000010005f4c                stdio_usb_init
 .text.tud_descriptor_device_cb
                0x0000000010006004        0x8 CMakeFiles/Sapphire_TempMonitor.dir/home/sapphire/pico/pico-sdk/src/rp2_common/pico_stdio_usb/stdio_usb_descriptors.c.obj
                0x0000000010006004                tud_descriptor_device_cb
 .text.tud_descriptor_configuration_cb
                0x000000001000600c        0x8 CMakeFiles/Sapphire_TempMonitor.dir/home/sapphire/pico/pico-sdk/src/rp2_common/pico_stdio_usb/stdio_usb_descriptors.c.obj
                0x000000001000600c                tud_descriptor_configuration_cb
 .text.tud_descriptor_string_cb
                0x0000000010006014       0x6c CMakeFiles/Sapphire_TempMonitor.dir/home/sapphire/pico/pico-sdk/src/rp2_common/pico_stdio_usb/stdio_usb_descriptors.c.obj
                0x0000000010006014                tud_descriptor_string_cb
 .text.hw_endpoint_get_by_addr
                0x0000000010006080       0x18 CMakeFiles/Sapphire_TempMonitor.dir/home/sapphire/pico/pico-sdk/lib/tinyusb/src/portable/raspberrypi/rp2040/dcd_rp2040.c.obj
 .text.reset_ep0_pid
                0x0000000010006098       0x28 CMakeFiles/Sapphire_TempMonitor.dir/home/sapphire/pico/pico-sdk/lib/tinyusb/src/portable/raspberrypi/rp2040/dcd_rp2040.c.obj
 .text._hw_endpoint_alloc
                0x00000000100060c0       0x70 CMakeFiles/Sapphire_TempMonitor.dir/home/sapphire/pico/pico-sdk/lib/tinyusb/src/portable/raspberrypi/rp2040/dcd_rp2040.c.obj
 .text.hw_endpoint_init
                0x0000000010006130       0x88 CMakeFiles/Sapphire_TempMonitor.dir/home/sapphire/pico/pico-sdk/lib/tinyusb/src/portable/raspberrypi/rp2040/dcd_rp2040.c.obj
 .text.reset_non_control_endpoints
                0x00000000100061b8       0x40 CMakeFiles/Sapphire_TempMonitor.dir/home/sapphire/pico/pico-sdk/lib/tinyusb/src/portable/raspberrypi/rp2040/dcd_rp2040.c.obj
 .text.hw_handle_buff_status
                0x00000000100061f8       0x8c CMakeFiles/Sapphire_TempMonitor.dir/home/sapphire/pico/pico-sdk/lib/tinyusb/src/portable/raspberrypi/rp2040/dcd_rp2040.c.obj
 .text.dcd_rp2040_irq
                0x0000000010006284       0xc0 CMakeFiles/Sapphire_TempMonitor.dir/home/sapphire/pico/pico-sdk/lib/tinyusb/src/portable/raspberrypi/rp2040/dcd_rp2040.c.obj
 .text.hw_endpoint_xfer
                0x0000000010006344       0x14 CMakeFiles/Sapphire_TempMonitor.dir/home/sapphire/pico/pico-sdk/lib/tinyusb/src/portable/raspberrypi/rp2040/dcd_rp2040.c.obj
 .text.dcd_int_enable
                0x0000000010006358       0x2c CMakeFiles/Sapphire_TempMonitor.dir/home/sapphire/pico/pico-sdk/lib/tinyusb/src/portable/raspberrypi/rp2040/dcd_rp2040.c.obj
                0x0000000010006358                dcd_int_enable
 .text.dcd_set_address
                0x0000000010006384       0x2c CMakeFiles/Sapphire_TempMonitor.dir/home/sapphire/pico/pico-sdk/lib/tinyusb/src/portable/raspberrypi/rp2040/dcd_rp2040.c.obj
                0x0000000010006384                dcd_set_address
 .text.dcd_connect
                0x00000000100063b0       0x10 CMakeFiles/Sapphire_TempMonitor.dir/home/sapphire/pico/pico-sdk/lib/tinyusb/src/portable/raspberrypi/rp2040/dcd_rp2040.c.obj
                0x00000000100063b0                dcd_connect
 .text.dcd_init
                0x00000000100063c0       0x7c CMakeFiles/Sapphire_TempMonitor.dir/home/sapphire/pico/pico-sdk/lib/tinyusb/src/portable/raspberrypi/rp2040/dcd_rp2040.c.obj
                0x00000000100063c0                dcd_init
 .text.dcd_edpt0_status_complete
                0x000000001000643c       0x1c CMakeFiles/Sapphire_TempMonitor.dir/home/sapphire/pico/pico-sdk/lib/tinyusb/src/portable/raspberrypi/rp2040/dcd_rp2040.c.obj
                0x000000001000643c                dcd_edpt0_status_complete
 .text.dcd_edpt_open
                0x0000000010006458       0x40 CMakeFiles/Sapphire_TempMonitor.dir/home/sapphire/pico/pico-sdk/lib/tinyusb/src/portable/raspberrypi/rp2040/dcd_rp2040.c.obj
                0x0000000010006458                dcd_edpt_open
 .text.dcd_edpt_close_all
                0x0000000010006498        0x8 CMakeFiles/Sapphire_TempMonitor.dir/home/sapphire/pico/pico-sdk/lib/tinyusb/src/portable/raspberrypi/rp2040/dcd_rp2040.c.obj
                0x0000000010006498                dcd_edpt_close_all
 .text.dcd_edpt_xfer
                0x00000000100064a0       0x30 CMakeFiles/Sapphire_TempMonitor.dir/home/sapphire/pico/pico-sdk/lib/tinyusb/src/portable/raspberrypi/rp2040/dcd_rp2040.c.obj
                0x00000000100064a0                dcd_edpt_xfer
 .text.dcd_edpt_stall
                0x00000000100064d0       0x2c CMakeFiles/Sapphire_TempMonitor.dir/home/sapphire/pico/pico-sdk/lib/tinyusb/src/portable/raspberrypi/rp2040/dcd_rp2040.c.obj
                0x00000000100064d0                dcd_edpt_stall
 .text.dcd_edpt_clear_stall
                0x00000000100064fc       0x20 CMakeFiles/Sapphire_TempMonitor.dir/home/sapphire/pico/pico-sdk/lib/tinyusb/src/portable/raspberrypi/rp2040/dcd_rp2040.c.obj
                0x00000000100064fc                dcd_edpt_clear_stall
 .text.prepare_ep_buffer
                0x000000001000651c       0x70 CMakeFiles/Sapphire_TempMonitor.dir/home/sapphire/pico/pico-sdk/lib/tinyusb/src/portable/raspberrypi/rp2040/rp2040_usb.c.obj
 .text.sync_ep_buffer
                0x000000001000658c       0x7c CMakeFiles/Sapphire_TempMonitor.dir/home/sapphire/pico/pico-sdk/lib/tinyusb/src/portable/raspberrypi/rp2040/rp2040_usb.c.obj
 .text._hw_endpoint_xfer_sync
                0x0000000010006608       0x28 CMakeFiles/Sapphire_TempMonitor.dir/home/sapphire/pico/pico-sdk/lib/tinyusb/src/portable/raspberrypi/rp2040/rp2040_usb.c.obj
 .text.rp2040_usb_init
                0x0000000010006630       0x4c CMakeFiles/Sapphire_TempMonitor.dir/home/sapphire/pico/pico-sdk/lib/tinyusb/src/portable/raspberrypi/rp2040/rp2040_usb.c.obj
                0x0000000010006630                rp2040_usb_init
 .text.hw_endpoint_reset_transfer
                0x000000001000667c        0xc CMakeFiles/Sapphire_TempMonitor.dir/home/sapphire/pico/pico-sdk/lib/tinyusb/src/portable/raspberrypi/rp2040/rp2040_usb.c.obj
                0x000000001000667c                hw_endpoint_reset_transfer
 .text._hw_endpoint_buffer_control_update32
                0x0000000010006688       0x58 CMakeFiles/Sapphire_TempMonitor.dir/home/sapphire/pico/pico-sdk/lib/tinyusb/src/portable/raspberrypi/rp2040/rp2040_usb.c.obj
                0x0000000010006688                _hw_endpoint_buffer_control_update32
 .text._hw_endpoint_start_next_buffer
                0x00000000100066e0       0x74 CMakeFiles/Sapphire_TempMonitor.dir/home/sapphire/pico/pico-sdk/lib/tinyusb/src/portable/raspberrypi/rp2040/rp2040_usb.c.obj
 .text.hw_endpoint_xfer_start
                0x0000000010006754       0x48 CMakeFiles/Sapphire_TempMonitor.dir/home/sapphire/pico/pico-sdk/lib/tinyusb/src/portable/raspberrypi/rp2040/rp2040_usb.c.obj
                0x0000000010006754                hw_endpoint_xfer_start
 .text.hw_endpoint_xfer_continue
                0x000000001000679c       0x38 CMakeFiles/Sapphire_TempMonitor.dir/home/sapphire/pico/pico-sdk/lib/tinyusb/src/portable/raspberrypi/rp2040/rp2040_usb.c.obj
                0x000000001000679c                hw_endpoint_xfer_continue
 .text.configuration_reset
                0x00000000100067d4       0x84 CMakeFiles/Sapphire_TempMonitor.dir/home/sapphire/pico/pico-sdk/lib/tinyusb/src/device/usbd.c.obj
 .text.usbd_reset
                0x0000000010006858        0xc CMakeFiles/Sapphire_TempMonitor.dir/home/sapphire/pico/pico-sdk/lib/tinyusb/src/device/usbd.c.obj
 .text.invoke_class_control
                0x0000000010006864       0x1a CMakeFiles/Sapphire_TempMonitor.dir/home/sapphire/pico/pico-sdk/lib/tinyusb/src/device/usbd.c.obj
 *fill*         0x000000001000687e        0x2 
 .text.process_set_config
                0x0000000010006880      0x1ac CMakeFiles/Sapphire_TempMonitor.dir/home/sapphire/pico/pico-sdk/lib/tinyusb/src/device/usbd.c.obj
 .text.process_get_descriptor
                0x0000000010006a2c       0xec CMakeFiles/Sapphire_TempMonitor.dir/home/sapphire/pico/pico-sdk/lib/tinyusb/src/device/usbd.c.obj
 .text.tud_mounted
                0x0000000010006b18       0x10 CMakeFiles/Sapphire_TempMonitor.dir/home/sapphire/pico/pico-sdk/lib/tinyusb/src/device/usbd.c.obj
                0x0000000010006b18                tud_mounted
 .text.tud_suspended
                0x0000000010006b28       0x10 CMakeFiles/Sapphire_TempMonitor.dir/home/sapphire/pico/pico-sdk/lib/tinyusb/src/device/usbd.c.obj
                0x0000000010006b28                tud_suspended
 .text.tud_inited
                0x0000000010006b38        0xc CMakeFiles/Sapphire_TempMonitor.dir/home/sapphire/pico/pico-sdk/lib/tinyusb/src/device/usbd.c.obj
                0x0000000010006b38                tud_inited
 .text.tud_init
                0x0000000010006b44       0xcc CMakeFiles/Sapphire_TempMonitor.dir/home/sapphire/pico/pico-sdk/lib/tinyusb/src/device/usbd.c.obj
                0x0000000010006b44                tud_init
 .text.dcd_event_handler
                0x0000000010006c10      0x1e0 CMakeFiles/Sapphire_TempMonitor.dir/home/sapphire/pico/pico-sdk/lib/tinyusb/src/device/usbd.c.obj
                0x0000000010006c10                dcd_event_handler
 .text.dcd_event_bus_signal
                0x0000000010006df0       0x26 CMakeFiles/Sapphire_TempMonitor.dir/home/sapphire/pico/pico-sdk/lib/tinyusb/src/device/usbd.c.obj
                0x0000000010006df0                dcd_event_bus_signal
 .text.dcd_event_bus_reset
                0x0000000010006e16       0x2a CMakeFiles/Sapphire_TempMonitor.dir/home/sapphire/pico/pico-sdk/lib/tinyusb/src/device/usbd.c.obj
                0x0000000010006e16                dcd_event_bus_reset
 .text.dcd_event_setup_received
                0x0000000010006e40       0x34 CMakeFiles/Sapphire_TempMonitor.dir/home/sapphire/pico/pico-sdk/lib/tinyusb/src/device/usbd.c.obj
                0x0000000010006e40                dcd_event_setup_received
 .text.dcd_event_xfer_complete
                0x0000000010006e74       0x44 CMakeFiles/Sapphire_TempMonitor.dir/home/sapphire/pico/pico-sdk/lib/tinyusb/src/device/usbd.c.obj
                0x0000000010006e74                dcd_event_xfer_complete
 .text.usbd_edpt_open
                0x0000000010006eb8       0x58 CMakeFiles/Sapphire_TempMonitor.dir/home/sapphire/pico/pico-sdk/lib/tinyusb/src/device/usbd.c.obj
                0x0000000010006eb8                usbd_edpt_open
 .text.usbd_open_edpt_pair
                0x0000000010006f10       0x8c CMakeFiles/Sapphire_TempMonitor.dir/home/sapphire/pico/pico-sdk/lib/tinyusb/src/device/usbd.c.obj
                0x0000000010006f10                usbd_open_edpt_pair
 .text.usbd_edpt_claim
                0x0000000010006f9c       0x8c CMakeFiles/Sapphire_TempMonitor.dir/home/sapphire/pico/pico-sdk/lib/tinyusb/src/device/usbd.c.obj
                0x0000000010006f9c                usbd_edpt_claim
 .text.usbd_edpt_release
                0x0000000010007028       0x68 CMakeFiles/Sapphire_TempMonitor.dir/home/sapphire/pico/pico-sdk/lib/tinyusb/src/device/usbd.c.obj
                0x0000000010007028                usbd_edpt_release
 .text.usbd_edpt_xfer
                0x0000000010007090       0x80 CMakeFiles/Sapphire_TempMonitor.dir/home/sapphire/pico/pico-sdk/lib/tinyusb/src/device/usbd.c.obj
                0x0000000010007090                usbd_edpt_xfer
 .text.usbd_edpt_stall
                0x0000000010007110       0x40 CMakeFiles/Sapphire_TempMonitor.dir/home/sapphire/pico/pico-sdk/lib/tinyusb/src/device/usbd.c.obj
                0x0000000010007110                usbd_edpt_stall
 .text.usbd_edpt_clear_stall
                0x0000000010007150       0x40 CMakeFiles/Sapphire_TempMonitor.dir/home/sapphire/pico/pico-sdk/lib/tinyusb/src/device/usbd.c.obj
                0x0000000010007150                usbd_edpt_clear_stall
 .text.usbd_edpt_stalled
                0x0000000010007190       0x1c CMakeFiles/Sapphire_TempMonitor.dir/home/sapphire/pico/pico-sdk/lib/tinyusb/src/device/usbd.c.obj
                0x0000000010007190                usbd_edpt_stalled
 .text.process_control_request
                0x00000000100071ac      0x3b8 CMakeFiles/Sapphire_TempMonitor.dir/home/sapphire/pico/pico-sdk/lib/tinyusb/src/device/usbd.c.obj
 .text.tud_task
                0x0000000010007564      0x218 CMakeFiles/Sapphire_TempMonitor.dir/home/sapphire/pico/pico-sdk/lib/tinyusb/src/device/usbd.c.obj
                0x0000000010007564                tud_task
 .text._data_stage_xact
                0x000000001000777c       0x58 CMakeFiles/Sapphire_TempMonitor.dir/home/sapphire/pico/pico-sdk/lib/tinyusb/src/device/usbd_control.c.obj
 .text.tud_control_status
                0x00000000100077d4       0x38 CMakeFiles/Sapphire_TempMonitor.dir/home/sapphire/pico/pico-sdk/lib/tinyusb/src/device/usbd_control.c.obj
                0x00000000100077d4                tud_control_status
 .text.tud_control_xfer
                0x000000001000780c       0xa8 CMakeFiles/Sapphire_TempMonitor.dir/home/sapphire/pico/pico-sdk/lib/tinyusb/src/device/usbd_control.c.obj
                0x000000001000780c                tud_control_xfer
 .text.usbd_control_reset
                0x00000000100078b4       0x14 CMakeFiles/Sapphire_TempMonitor.dir/home/sapphire/pico/pico-sdk/lib/tinyusb/src/device/usbd_control.c.obj
                0x00000000100078b4                usbd_control_reset
 .text.usbd_control_set_complete_callback
                0x00000000100078c8        0xc CMakeFiles/Sapphire_TempMonitor.dir/home/sapphire/pico/pico-sdk/lib/tinyusb/src/device/usbd_control.c.obj
                0x00000000100078c8                usbd_control_set_complete_callback
 .text.usbd_control_set_request
                0x00000000100078d4       0x1c CMakeFiles/Sapphire_TempMonitor.dir/home/sapphire/pico/pico-sdk/lib/tinyusb/src/device/usbd_control.c.obj
                0x00000000100078d4                usbd_control_set_request
 .text.usbd_control_xfer_cb
                0x00000000100078f0       0xfc CMakeFiles/Sapphire_TempMonitor.dir/home/sapphire/pico/pico-sdk/lib/tinyusb/src/device/usbd_control.c.obj
                0x00000000100078f0                usbd_control_xfer_cb
 .text._prep_out_transaction
                0x00000000100079ec       0x46 CMakeFiles/Sapphire_TempMonitor.dir/home/sapphire/pico/pico-sdk/lib/tinyusb/src/class/cdc/cdc_device.c.obj
 *fill*         0x0000000010007a32        0x2 
 .text.tud_cdc_n_connected
                0x0000000010007a34       0x44 CMakeFiles/Sapphire_TempMonitor.dir/home/sapphire/pico/pico-sdk/lib/tinyusb/src/class/cdc/cdc_device.c.obj
                0x0000000010007a34                tud_cdc_n_connected
 .text.tud_cdc_n_available
                0x0000000010007a78       0x18 CMakeFiles/Sapphire_TempMonitor.dir/home/sapphire/pico/pico-sdk/lib/tinyusb/src/class/cdc/cdc_device.c.obj
                0x0000000010007a78                tud_cdc_n_available
 .text.tud_cdc_n_read
                0x0000000010007a90       0x28 CMakeFiles/Sapphire_TempMonitor.dir/home/sapphire/pico/pico-sdk/lib/tinyusb/src/class/cdc/cdc_device.c.obj
                0x0000000010007a90                tud_cdc_n_read
 .text.tud_cdc_n_write_flush
                0x0000000010007ab8       0xcc CMakeFiles/Sapphire_TempMonitor.dir/home/sapphire/pico/pico-sdk/lib/tinyusb/src/class/cdc/cdc_device.c.obj
                0x0000000010007ab8                tud_cdc_n_write_flush
 .text.tud_cdc_n_write
                0x0000000010007b84       0x38 CMakeFiles/Sapphire_TempMonitor.dir/home/sapphire/pico/pico-sdk/lib/tinyusb/src/class/cdc/cdc_device.c.obj
                0x0000000010007b84                tud_cdc_n_write
 .text.tud_cdc_n_write_available
                0x0000000010007bbc       0x1c CMakeFiles/Sapphire_TempMonitor.dir/home/sapphire/pico/pico-sdk/lib/tinyusb/src/class/cdc/cdc_device.c.obj
                0x0000000010007bbc                tud_cdc_n_write_available
 .text.cdcd_init
                0x0000000010007bd8       0xbc CMakeFiles/Sapphire_TempMonitor.dir/home/sapphire/pico/pico-sdk/lib/tinyusb/src/class/cdc/cdc_device.c.obj
                0x0000000010007bd8                cdcd_init
 .text.cdcd_reset
                0x0000000010007c94       0x44 CMakeFiles/Sapphire_TempMonitor.dir/home/sapphire/pico/pico-sdk/lib/tinyusb/src/class/cdc/cdc_device.c.obj
                0x0000000010007c94                cdcd_reset
 .text.cdcd_open
                0x0000000010007cd8       0xf8 CMakeFiles/Sapphire_TempMonitor.dir/home/sapphire/pico/pico-sdk/lib/tinyusb/src/class/cdc/cdc_device.c.obj
                0x0000000010007cd8                cdcd_open
 .text.cdcd_control_xfer_cb
                0x0000000010007dd0      0x134 CMakeFiles/Sapphire_TempMonitor.dir/home/sapphire/pico/pico-sdk/lib/tinyusb/src/class/cdc/cdc_device.c.obj
                0x0000000010007dd0                cdcd_control_xfer_cb
 .text.cdcd_xfer_cb
                0x0000000010007f04      0x144 CMakeFiles/Sapphire_TempMonitor.dir/home/sapphire/pico/pico-sdk/lib/tinyusb/src/class/cdc/cdc_device.c.obj
                0x0000000010007f04                cdcd_xfer_cb
 .text.tusb_init
                0x0000000010008048       0x24 CMakeFiles/Sapphire_TempMonitor.dir/home/sapphire/pico/pico-sdk/lib/tinyusb/src/tusb.c.obj
                0x0000000010008048                tusb_init
 .text.tusb_inited
                0x000000001000806c        0xe CMakeFiles/Sapphire_TempMonitor.dir/home/sapphire/pico/pico-sdk/lib/tinyusb/src/tusb.c.obj
                0x000000001000806c                tusb_inited
 *fill*         0x000000001000807a        0x2 
 .text.tu_edpt_validate
                0x000000001000807c       0xa8 CMakeFiles/Sapphire_TempMonitor.dir/home/sapphire/pico/pico-sdk/lib/tinyusb/src/tusb.c.obj
                0x000000001000807c                tu_edpt_validate
 .text.tu_edpt_bind_driver
                0x0000000010008124       0x2a CMakeFiles/Sapphire_TempMonitor.dir/home/sapphire/pico/pico-sdk/lib/tinyusb/src/tusb.c.obj
                0x0000000010008124                tu_edpt_bind_driver
 .text.advance_pointer
                0x000000001000814e       0x18 CMakeFiles/Sapphire_TempMonitor.dir/home/sapphire/pico/pico-sdk/lib/tinyusb/src/common/tusb_fifo.c.obj
 .text.backward_pointer
                0x0000000010008166       0x1e CMakeFiles/Sapphire_TempMonitor.dir/home/sapphire/pico/pico-sdk/lib/tinyusb/src/common/tusb_fifo.c.obj
 .text.get_relative_pointer
                0x0000000010008184       0x10 CMakeFiles/Sapphire_TempMonitor.dir/home/sapphire/pico/pico-sdk/lib/tinyusb/src/common/tusb_fifo.c.obj
 .text._tu_fifo_peek
                0x0000000010008194       0x50 CMakeFiles/Sapphire_TempMonitor.dir/home/sapphire/pico/pico-sdk/lib/tinyusb/src/common/tusb_fifo.c.obj
 .text._ff_pull_const_addr
                0x00000000100081e4       0x4c CMakeFiles/Sapphire_TempMonitor.dir/home/sapphire/pico/pico-sdk/lib/tinyusb/src/common/tusb_fifo.c.obj
 .text._ff_pull_n
                0x0000000010008230      0x10c CMakeFiles/Sapphire_TempMonitor.dir/home/sapphire/pico/pico-sdk/lib/tinyusb/src/common/tusb_fifo.c.obj
 .text._tu_fifo_peek_n
                0x000000001000833c       0x5e CMakeFiles/Sapphire_TempMonitor.dir/home/sapphire/pico/pico-sdk/lib/tinyusb/src/common/tusb_fifo.c.obj
 .text._tu_fifo_read_n
                0x000000001000839a       0x4e CMakeFiles/Sapphire_TempMonitor.dir/home/sapphire/pico/pico-sdk/lib/tinyusb/src/common/tusb_fifo.c.obj
 .text._ff_push_const_addr
                0x00000000100083e8       0x40 CMakeFiles/Sapphire_TempMonitor.dir/home/sapphire/pico/pico-sdk/lib/tinyusb/src/common/tusb_fifo.c.obj
 .text._ff_push_n
                0x0000000010008428      0x106 CMakeFiles/Sapphire_TempMonitor.dir/home/sapphire/pico/pico-sdk/lib/tinyusb/src/common/tusb_fifo.c.obj
 .text._tu_fifo_write_n
                0x000000001000852e       0x9e CMakeFiles/Sapphire_TempMonitor.dir/home/sapphire/pico/pico-sdk/lib/tinyusb/src/common/tusb_fifo.c.obj
 .text.tu_fifo_config
                0x00000000100085cc       0x72 CMakeFiles/Sapphire_TempMonitor.dir/home/sapphire/pico/pico-sdk/lib/tinyusb/src/common/tusb_fifo.c.obj
                0x00000000100085cc                tu_fifo_config
 .text.tu_fifo_count
                0x000000001000863e       0x26 CMakeFiles/Sapphire_TempMonitor.dir/home/sapphire/pico/pico-sdk/lib/tinyusb/src/common/tusb_fifo.c.obj
                0x000000001000863e                tu_fifo_count
 .text.tu_fifo_empty
                0x0000000010008664        0xe CMakeFiles/Sapphire_TempMonitor.dir/home/sapphire/pico/pico-sdk/lib/tinyusb/src/common/tusb_fifo.c.obj
                0x0000000010008664                tu_fifo_empty
 .text.tu_fifo_remaining
                0x0000000010008672       0x20 CMakeFiles/Sapphire_TempMonitor.dir/home/sapphire/pico/pico-sdk/lib/tinyusb/src/common/tusb_fifo.c.obj
                0x0000000010008672                tu_fifo_remaining
 .text.tu_fifo_read
                0x0000000010008692       0x42 CMakeFiles/Sapphire_TempMonitor.dir/home/sapphire/pico/pico-sdk/lib/tinyusb/src/common/tusb_fifo.c.obj
                0x0000000010008692                tu_fifo_read
 .text.tu_fifo_read_n
                0x00000000100086d4        0xa CMakeFiles/Sapphire_TempMonitor.dir/home/sapphire/pico/pico-sdk/lib/tinyusb/src/common/tusb_fifo.c.obj
                0x00000000100086d4                tu_fifo_read_n
 .text.tu_fifo_write
                0x00000000100086de       0x6c CMakeFiles/Sapphire_TempMonitor.dir/home/sapphire/pico/pico-sdk/lib/tinyusb/src/common/tusb_fifo.c.obj
                0x00000000100086de                tu_fifo_write
 .text.tu_fifo_write_n
                0x000000001000874a        0xa CMakeFiles/Sapphire_TempMonitor.dir/home/sapphire/pico/pico-sdk/lib/tinyusb/src/common/tusb_fifo.c.obj
                0x000000001000874a                tu_fifo_write_n
 .text.tu_fifo_clear
                0x0000000010008754       0x4c CMakeFiles/Sapphire_TempMonitor.dir/home/sapphire/pico/pico-sdk/lib/tinyusb/src/common/tusb_fifo.c.obj
                0x0000000010008754                tu_fifo_clear
 .text.tu_fifo_set_overwritable
                0x00000000100087a0       0x3c CMakeFiles/Sapphire_TempMonitor.dir/home/sapphire/pico/pico-sdk/lib/tinyusb/src/common/tusb_fifo.c.obj
                0x00000000100087a0                tu_fifo_set_overwritable
 .text._retrieve_unique_id_on_boot
                0x00000000100087dc       0x10 CMakeFiles/Sapphire_TempMonitor.dir/home/sapphire/pico/pico-sdk/src/rp2_common/pico_unique_id/unique_id.c.obj
 .text.pico_get_unique_board_id_string
                0x00000000100087ec       0x60 CMakeFiles/Sapphire_TempMonitor.dir/home/sapphire/pico/pico-sdk/src/rp2_common/pico_unique_id/unique_id.c.obj
                0x00000000100087ec                pico_get_unique_board_id_string
 .text.flash_get_unique_id
                0x000000001000884c       0x46 CMakeFiles/Sapphire_TempMonitor.dir/home/sapphire/pico/pico-sdk/src/rp2_common/hardware_flash/flash.c.obj
                0x000000001000884c                flash_get_unique_id
 .text.i2c_write_blocking_internal
                0x0000000010008892      0x13c CMakeFiles/Sapphire_TempMonitor.dir/home/sapphire/pico/pico-sdk/src/rp2_common/hardware_i2c/i2c.c.obj
 *fill*         0x00000000100089ce        0x2 
 .text.i2c_set_baudrate
                0x00000000100089d0       0xf0 CMakeFiles/Sapphire_TempMonitor.dir/home/sapphire/pico/pico-sdk/src/rp2_common/hardware_i2c/i2c.c.obj
                0x00000000100089d0                i2c_set_baudrate
 .text.i2c_init
                0x0000000010008ac0       0x58 CMakeFiles/Sapphire_TempMonitor.dir/home/sapphire/pico/pico-sdk/src/rp2_common/hardware_i2c/i2c.c.obj
                0x0000000010008ac0                i2c_init
 .text.i2c_write_blocking
                0x0000000010008b18       0x18 CMakeFiles/Sapphire_TempMonitor.dir/home/sapphire/pico/pico-sdk/src/rp2_common/hardware_i2c/i2c.c.obj
                0x0000000010008b18                i2c_write_blocking
 .text.unlikely._ZSt17__throw_bad_allocv
                0x0000000010008b30       0x20 /usr/lib/gcc/arm-none-eabi/9.2.1/../../../arm-none-eabi/lib/thumb/v6-m/nofp/libstdc++.a(functexcept.o)
                0x0000000010008b30                std::__throw_bad_alloc()
 .text.unlikely._ZSt19__throw_logic_errorPKc
                0x0000000010008b50       0x30 /usr/lib/gcc/arm-none-eabi/9.2.1/../../../arm-none-eabi/lib/thumb/v6-m/nofp/libstdc++.a(functexcept.o)
                0x0000000010008b50                std::__throw_logic_error(char const*)
 .text.unlikely._ZSt20__throw_length_errorPKc
                0x0000000010008b80       0x30 /usr/lib/gcc/arm-none-eabi/9.2.1/../../../arm-none-eabi/lib/thumb/v6-m/nofp/libstdc++.a(functexcept.o)
                0x0000000010008b80                std::__throw_length_error(char const*)
 .text._ZNSt7__cxx1112basic_stringIcSt11char_traitsIcESaIcEE9_M_createERjj
                0x0000000010008bb0       0x3c /usr/lib/gcc/arm-none-eabi/9.2.1/../../../arm-none-eabi/lib/thumb/v6-m/nofp/libstdc++.a(string-inst.o)
                0x0000000010008bb0                std::__cxx11::basic_string<char, std::char_traits<char>, std::allocator<char> >::_M_create(unsigned int&, unsigned int)
 .text._ZNSt7__cxx1112basic_stringIcSt11char_traitsIcESaIcEE9_M_mutateEjjPKcj
                0x0000000010008bec       0xbc /usr/lib/gcc/arm-none-eabi/9.2.1/../../../arm-none-eabi/lib/thumb/v6-m/nofp/libstdc++.a(string-inst.o)
                0x0000000010008bec                std::__cxx11::basic_string<char, std::char_traits<char>, std::allocator<char> >::_M_mutate(unsigned int, unsigned int, char const*, unsigned int)
 .text._ZNSt7__cxx1112basic_stringIcSt11char_traitsIcESaIcEE10_M_replaceEjjPKcj
                0x0000000010008ca8      0x194 /usr/lib/gcc/arm-none-eabi/9.2.1/../../../arm-none-eabi/lib/thumb/v6-m/nofp/libstdc++.a(string-inst.o)
                0x0000000010008ca8                std::__cxx11::basic_string<char, std::char_traits<char>, std::allocator<char> >::_M_replace(unsigned int, unsigned int, char const*, unsigned int)
 .text._ZNKSt9bad_alloc4whatEv
                0x0000000010008e3c        0x8 /usr/lib/gcc/arm-none-eabi/9.2.1/../../../arm-none-eabi/lib/thumb/v6-m/nofp/libstdc++.a(bad_alloc.o)
                0x0000000010008e3c                std::bad_alloc::what() const
 .text._ZNSt9bad_allocD2Ev
                0x0000000010008e44       0x18 /usr/lib/gcc/arm-none-eabi/9.2.1/../../../arm-none-eabi/lib/thumb/v6-m/nofp/libstdc++.a(bad_alloc.o)
                0x0000000010008e44                std::bad_alloc::~bad_alloc()
                0x0000000010008e44                std::bad_alloc::~bad_alloc()
 .text._ZNSt9bad_allocD0Ev
                0x0000000010008e5c       0x20 /usr/lib/gcc/arm-none-eabi/9.2.1/../../../arm-none-eabi/lib/thumb/v6-m/nofp/libstdc++.a(bad_alloc.o)
                0x0000000010008e5c                std::bad_alloc::~bad_alloc()
 .text._ZN12_GLOBAL__N_14pool4freeEPv.constprop.0
                0x0000000010008e7c       0x78 /usr/lib/gcc/arm-none-eabi/9.2.1/../../../arm-none-eabi/lib/thumb/v6-m/nofp/libstdc++.a(eh_alloc.o)
 .text._ZN12_GLOBAL__N_14pool8allocateEj.constprop.0
                0x0000000010008ef4       0x50 /usr/lib/gcc/arm-none-eabi/9.2.1/../../../arm-none-eabi/lib/thumb/v6-m/nofp/libstdc++.a(eh_alloc.o)
 .text.__cxa_allocate_exception
                0x0000000010008f44       0x2c /usr/lib/gcc/arm-none-eabi/9.2.1/../../../arm-none-eabi/lib/thumb/v6-m/nofp/libstdc++.a(eh_alloc.o)
                0x0000000010008f44                __cxa_allocate_exception
 .text.__cxa_free_exception
                0x0000000010008f70       0x24 /usr/lib/gcc/arm-none-eabi/9.2.1/../../../arm-none-eabi/lib/thumb/v6-m/nofp/libstdc++.a(eh_alloc.o)
                0x0000000010008f70                __cxa_free_exception
 .text.startup._GLOBAL__sub_I__ZN9__gnu_cxx9__freeresEv
                0x0000000010008f94       0x2c /usr/lib/gcc/arm-none-eabi/9.2.1/../../../arm-none-eabi/lib/thumb/v6-m/nofp/libstdc++.a(eh_alloc.o)
 .text.__cxa_end_cleanup
                0x0000000010008fc0        0xc /usr/lib/gcc/arm-none-eabi/9.2.1/../../../arm-none-eabi/lib/thumb/v6-m/nofp/libstdc++.a(eh_arm.o)
                0x0000000010008fc0                __cxa_end_cleanup
 .text.__cxa_type_match
                0x0000000010008fcc       0xd0 /usr/lib/gcc/arm-none-eabi/9.2.1/../../../arm-none-eabi/lib/thumb/v6-m/nofp/libstdc++.a(eh_arm.o)
                0x0000000010008fcc                __cxa_type_match
 .text.__cxa_begin_cleanup
                0x000000001000909c       0x60 /usr/lib/gcc/arm-none-eabi/9.2.1/../../../arm-none-eabi/lib/thumb/v6-m/nofp/libstdc++.a(eh_arm.o)
                0x000000001000909c                __cxa_begin_cleanup
 .text.__gnu_end_cleanup
                0x00000000100090fc       0x70 /usr/lib/gcc/arm-none-eabi/9.2.1/../../../arm-none-eabi/lib/thumb/v6-m/nofp/libstdc++.a(eh_arm.o)
                0x00000000100090fc                __gnu_end_cleanup
 .text.__cxa_begin_catch
                0x000000001000916c       0x74 /usr/lib/gcc/arm-none-eabi/9.2.1/../../../arm-none-eabi/lib/thumb/v6-m/nofp/libstdc++.a(eh_catch.o)
                0x000000001000916c                __cxa_begin_catch
 .text.__cxa_end_catch
                0x00000000100091e0       0x90 /usr/lib/gcc/arm-none-eabi/9.2.1/../../../arm-none-eabi/lib/thumb/v6-m/nofp/libstdc++.a(eh_catch.o)
                0x00000000100091e0                __cxa_end_catch
 .text._ZNSt9exceptionD2Ev
                0x0000000010009270        0x4 /usr/lib/gcc/arm-none-eabi/9.2.1/../../../arm-none-eabi/lib/thumb/v6-m/nofp/libstdc++.a(eh_exception.o)
                0x0000000010009270                std::exception::~exception()
                0x0000000010009270                std::exception::~exception()
 .text._ZNSt13bad_exceptionD2Ev
                0x0000000010009274        0x4 /usr/lib/gcc/arm-none-eabi/9.2.1/../../../arm-none-eabi/lib/thumb/v6-m/nofp/libstdc++.a(eh_exception.o)
                0x0000000010009274                std::bad_exception::~bad_exception()
                0x0000000010009274                std::bad_exception::~bad_exception()
 .text._ZNKSt13bad_exception4whatEv
                0x0000000010009278        0x8 /usr/lib/gcc/arm-none-eabi/9.2.1/../../../arm-none-eabi/lib/thumb/v6-m/nofp/libstdc++.a(eh_exception.o)
                0x0000000010009278                transaction clone for std::bad_exception::what() const
                0x0000000010009278                std::bad_exception::what() const
 .text._ZNSt13bad_exceptionD0Ev
                0x0000000010009280       0x10 /usr/lib/gcc/arm-none-eabi/9.2.1/../../../arm-none-eabi/lib/thumb/v6-m/nofp/libstdc++.a(eh_exception.o)
                0x0000000010009280                std::bad_exception::~bad_exception()
 .text.__cxa_get_globals_fast
                0x0000000010009290        0x8 /usr/lib/gcc/arm-none-eabi/9.2.1/../../../arm-none-eabi/lib/thumb/v6-m/nofp/libstdc++.a(eh_globals.o)
                0x0000000010009290                __cxa_get_globals_fast
 .text.__cxa_get_globals
                0x0000000010009298        0x8 /usr/lib/gcc/arm-none-eabi/9.2.1/../../../arm-none-eabi/lib/thumb/v6-m/nofp/libstdc++.a(eh_globals.o)
                0x0000000010009298                __cxa_get_globals
 .text._ZL28read_encoded_value_with_basehjPKhPj
                0x00000000100092a0      0x114 /usr/lib/gcc/arm-none-eabi/9.2.1/../../../arm-none-eabi/lib/thumb/v6-m/nofp/libstdc++.a(eh_personality.o)
 .text._ZL21base_of_encoded_valuehP15_Unwind_Context
                0x00000000100093b4       0x48 /usr/lib/gcc/arm-none-eabi/9.2.1/../../../arm-none-eabi/lib/thumb/v6-m/nofp/libstdc++.a(eh_personality.o)
 .text._ZL17parse_lsda_headerP15_Unwind_ContextPKhP16lsda_header_info
                0x00000000100093fc       0x98 /usr/lib/gcc/arm-none-eabi/9.2.1/../../../arm-none-eabi/lib/thumb/v6-m/nofp/libstdc++.a(eh_personality.o)
 .text.__gxx_personality_v0
                0x0000000010009494      0x4a4 /usr/lib/gcc/arm-none-eabi/9.2.1/../../../arm-none-eabi/lib/thumb/v6-m/nofp/libstdc++.a(eh_personality.o)
                0x0000000010009494                __gxx_personality_v0
 .text._ZN10__cxxabiv111__terminateEPFvvE
                0x0000000010009938       0x28 /usr/lib/gcc/arm-none-eabi/9.2.1/../../../arm-none-eabi/lib/thumb/v6-m/nofp/libstdc++.a(eh_terminate.o)
                0x0000000010009938                __cxxabiv1::__terminate(void (*)())
 .text._ZSt9terminatev
                0x0000000010009960       0x10 /usr/lib/gcc/arm-none-eabi/9.2.1/../../../arm-none-eabi/lib/thumb/v6-m/nofp/libstdc++.a(eh_terminate.o)
                0x0000000010009960                std::terminate()
 .text._ZN10__cxxabiv112__unexpectedEPFvvE
                0x0000000010009970        0x8 /usr/lib/gcc/arm-none-eabi/9.2.1/../../../arm-none-eabi/lib/thumb/v6-m/nofp/libstdc++.a(eh_terminate.o)
                0x0000000010009970                __cxxabiv1::__unexpected(void (*)())
 .text._ZSt10unexpectedv
                0x0000000010009978       0x10 /usr/lib/gcc/arm-none-eabi/9.2.1/../../../arm-none-eabi/lib/thumb/v6-m/nofp/libstdc++.a(eh_terminate.o)
                0x0000000010009978                std::unexpected()
 .text._ZSt13get_terminatev
                0x0000000010009988        0xc /usr/lib/gcc/arm-none-eabi/9.2.1/../../../arm-none-eabi/lib/thumb/v6-m/nofp/libstdc++.a(eh_terminate.o)
                0x0000000010009988                std::get_terminate()
 .text._ZSt14get_unexpectedv
                0x0000000010009994        0xc /usr/lib/gcc/arm-none-eabi/9.2.1/../../../arm-none-eabi/lib/thumb/v6-m/nofp/libstdc++.a(eh_terminate.o)
                0x0000000010009994                std::get_unexpected()
 .text._ZL23__gxx_exception_cleanup19_Unwind_Reason_CodeP21_Unwind_Control_Block
                0x00000000100099a0       0x34 /usr/lib/gcc/arm-none-eabi/9.2.1/../../../arm-none-eabi/lib/thumb/v6-m/nofp/libstdc++.a(eh_throw.o)
 .text.__cxa_init_primary_exception
                0x00000000100099d4       0x4c /usr/lib/gcc/arm-none-eabi/9.2.1/../../../arm-none-eabi/lib/thumb/v6-m/nofp/libstdc++.a(eh_throw.o)
                0x00000000100099d4                __cxa_init_primary_exception
 .text.__cxa_throw
                0x0000000010009a20       0x34 /usr/lib/gcc/arm-none-eabi/9.2.1/../../../arm-none-eabi/lib/thumb/v6-m/nofp/libstdc++.a(eh_throw.o)
                0x0000000010009a20                __cxa_throw
 .text.__cxa_rethrow
                0x0000000010009a54       0x70 /usr/lib/gcc/arm-none-eabi/9.2.1/../../../arm-none-eabi/lib/thumb/v6-m/nofp/libstdc++.a(eh_throw.o)
                0x0000000010009a54                __cxa_rethrow
 .text._ZN10__cxxabiv120__si_class_type_infoD2Ev
                0x0000000010009ac4       0x18 /usr/lib/gcc/arm-none-eabi/9.2.1/../../../arm-none-eabi/lib/thumb/v6-m/nofp/libstdc++.a(si_class_type_info.o)
                0x0000000010009ac4                __cxxabiv1::__si_class_type_info::~__si_class_type_info()
                0x0000000010009ac4                __cxxabiv1::__si_class_type_info::~__si_class_type_info()
 .text._ZN10__cxxabiv120__si_class_type_infoD0Ev
                0x0000000010009adc       0x20 /usr/lib/gcc/arm-none-eabi/9.2.1/../../../arm-none-eabi/lib/thumb/v6-m/nofp/libstdc++.a(si_class_type_info.o)
                0x0000000010009adc                __cxxabiv1::__si_class_type_info::~__si_class_type_info()
 .text._ZNK10__cxxabiv120__si_class_type_info20__do_find_public_srcEiPKvPKNS_17__class_type_infoES2_
                0x0000000010009afc       0x38 /usr/lib/gcc/arm-none-eabi/9.2.1/../../../arm-none-eabi/lib/thumb/v6-m/nofp/libstdc++.a(si_class_type_info.o)
                0x0000000010009afc                __cxxabiv1::__si_class_type_info::__do_find_public_src(int, void const*, __cxxabiv1::__class_type_info const*, void const*) const
 .text._ZNK10__cxxabiv120__si_class_type_info12__do_dyncastEiNS_17__class_type_info10__sub_kindEPKS1_PKvS4_S6_RNS1_16__dyncast_resultE
                0x0000000010009b34       0x9c /usr/lib/gcc/arm-none-eabi/9.2.1/../../../arm-none-eabi/lib/thumb/v6-m/nofp/libstdc++.a(si_class_type_info.o)
                0x0000000010009b34                __cxxabiv1::__si_class_type_info::__do_dyncast(int, __cxxabiv1::__class_type_info::__sub_kind, __cxxabiv1::__class_type_info const*, void const*, __cxxabiv1::__class_type_info const*, void const*, __cxxabiv1::__class_type_info::__dyncast_result&) const
 .text._ZNK10__cxxabiv120__si_class_type_info11__do_upcastEPKNS_17__class_type_infoEPKvRNS1_15__upcast_resultE
                0x0000000010009bd0       0x24 /usr/lib/gcc/arm-none-eabi/9.2.1/../../../arm-none-eabi/lib/thumb/v6-m/nofp/libstdc++.a(si_class_type_info.o)
                0x0000000010009bd0                __cxxabiv1::__si_class_type_info::__do_upcast(__cxxabiv1::__class_type_info const*, void const*, __cxxabiv1::__class_type_info::__upcast_result&) const
 .text._ZNSt9type_infoD2Ev
                0x0000000010009bf4        0x4 /usr/lib/gcc/arm-none-eabi/9.2.1/../../../arm-none-eabi/lib/thumb/v6-m/nofp/libstdc++.a(tinfo.o)
                0x0000000010009bf4                std::type_info::~type_info()
                0x0000000010009bf4                std::type_info::~type_info()
 .text._ZNKSt9type_info14__is_pointer_pEv
                0x0000000010009bf8        0x4 /usr/lib/gcc/arm-none-eabi/9.2.1/../../../arm-none-eabi/lib/thumb/v6-m/nofp/libstdc++.a(tinfo.o)
                0x0000000010009bf8                std::type_info::__is_function_p() const
                0x0000000010009bf8                std::type_info::__is_pointer_p() const
 .text._ZNKSt9type_infoeqERKS_
                0x0000000010009bfc       0x30 /usr/lib/gcc/arm-none-eabi/9.2.1/../../../arm-none-eabi/lib/thumb/v6-m/nofp/libstdc++.a(tinfo.o)
                0x0000000010009bfc                std::type_info::operator==(std::type_info const&) const
 .text._ZNKSt11logic_error4whatEv
                0x0000000010009c2c        0x4 /usr/lib/gcc/arm-none-eabi/9.2.1/../../../arm-none-eabi/lib/thumb/v6-m/nofp/libstdc++.a(stdexcept.o)
                0x0000000010009c2c                std::logic_error::what() const
 .text._ZNSt11logic_errorD2Ev
                0x0000000010009c30       0x40 /usr/lib/gcc/arm-none-eabi/9.2.1/../../../arm-none-eabi/lib/thumb/v6-m/nofp/libstdc++.a(stdexcept.o)
                0x0000000010009c30                std::logic_error::~logic_error()
                0x0000000010009c30                std::logic_error::~logic_error()
 .text._ZNSt11logic_errorD0Ev
                0x0000000010009c70       0x14 /usr/lib/gcc/arm-none-eabi/9.2.1/../../../arm-none-eabi/lib/thumb/v6-m/nofp/libstdc++.a(stdexcept.o)
                0x0000000010009c70                std::logic_error::~logic_error()
 .text._ZNSt12length_errorD2Ev
                0x0000000010009c84       0x18 /usr/lib/gcc/arm-none-eabi/9.2.1/../../../arm-none-eabi/lib/thumb/v6-m/nofp/libstdc++.a(stdexcept.o)
                0x0000000010009c84                std::length_error::~length_error()
                0x0000000010009c84                std::length_error::~length_error()
 .text._ZNSt12length_errorD0Ev
                0x0000000010009c9c       0x1c /usr/lib/gcc/arm-none-eabi/9.2.1/../../../arm-none-eabi/lib/thumb/v6-m/nofp/libstdc++.a(stdexcept.o)
                0x0000000010009c9c                std::length_error::~length_error()
 .text._ZNSt11logic_errorC2EPKc
                0x0000000010009cb8       0x24 /usr/lib/gcc/arm-none-eabi/9.2.1/../../../arm-none-eabi/lib/thumb/v6-m/nofp/libstdc++.a(cow-stdexcept.o)
                0x0000000010009cb8                std::logic_error::logic_error(char const*)
                0x0000000010009cb8                std::logic_error::logic_error(char const*)
 .text._ZNSt12length_errorC2EPKc
                0x0000000010009cdc       0x14 /usr/lib/gcc/arm-none-eabi/9.2.1/../../../arm-none-eabi/lib/thumb/v6-m/nofp/libstdc++.a(cow-stdexcept.o)
                0x0000000010009cdc                std::length_error::length_error(char const*)
                0x0000000010009cdc                std::length_error::length_error(char const*)
 .text._ZNSs4_Rep9_S_createEjjRKSaIcE
                0x0000000010009cf0       0x64 /usr/lib/gcc/arm-none-eabi/9.2.1/../../../arm-none-eabi/lib/thumb/v6-m/nofp/libstdc++.a(cow-string-inst.o)
                0x0000000010009cf0                std::string::_Rep::_S_create(unsigned int, unsigned int, std::allocator<char> const&)
 .text._ZNSs12_S_constructIPcEES0_T_S1_RKSaIcESt20forward_iterator_tag.part.0
                0x0000000010009d54       0x48 /usr/lib/gcc/arm-none-eabi/9.2.1/../../../arm-none-eabi/lib/thumb/v6-m/nofp/libstdc++.a(cow-string-inst.o)
 .text._ZNSs4_Rep10_M_destroyERKSaIcE
                0x0000000010009d9c        0x8 /usr/lib/gcc/arm-none-eabi/9.2.1/../../../arm-none-eabi/lib/thumb/v6-m/nofp/libstdc++.a(cow-string-inst.o)
                0x0000000010009d9c                std::string::_Rep::_M_destroy(std::allocator<char> const&)
 .text._ZNSs12_S_constructIPKcEEPcT_S3_RKSaIcESt20forward_iterator_tag
                0x0000000010009da4       0x24 /usr/lib/gcc/arm-none-eabi/9.2.1/../../../arm-none-eabi/lib/thumb/v6-m/nofp/libstdc++.a(cow-string-inst.o)
                0x0000000010009da4                char* std::string::_S_construct<char const*>(char const*, char const*, std::allocator<char> const&, std::forward_iterator_tag)
 .text._ZNSsC2EPKcRKSaIcE
                0x0000000010009dc8       0x2c /usr/lib/gcc/arm-none-eabi/9.2.1/../../../arm-none-eabi/lib/thumb/v6-m/nofp/libstdc++.a(cow-string-inst.o)
                0x0000000010009dc8                std::basic_string<char, std::char_traits<char>, std::allocator<char> >::basic_string(char const*, std::allocator<char> const&)
                0x0000000010009dc8                std::basic_string<char, std::char_traits<char>, std::allocator<char> >::basic_string(char const*, std::allocator<char> const&)
 .text._ZNK10__cxxabiv117__class_type_info11__do_upcastEPKS0_PPv
                0x0000000010009df4       0x38 /usr/lib/gcc/arm-none-eabi/9.2.1/../../../arm-none-eabi/lib/thumb/v6-m/nofp/libstdc++.a(class_type_info.o)
                0x0000000010009df4                __cxxabiv1::__class_type_info::__do_upcast(__cxxabiv1::__class_type_info const*, void**) const
 .text._ZNK10__cxxabiv117__class_type_info20__do_find_public_srcEiPKvPKS0_S2_
                0x0000000010009e2c       0x14 /usr/lib/gcc/arm-none-eabi/9.2.1/../../../arm-none-eabi/lib/thumb/v6-m/nofp/libstdc++.a(class_type_info.o)
                0x0000000010009e2c                __cxxabiv1::__class_type_info::__do_find_public_src(int, void const*, __cxxabiv1::__class_type_info const*, void const*) const
 .text._ZN10__cxxabiv117__class_type_infoD2Ev
                0x0000000010009e40       0x18 /usr/lib/gcc/arm-none-eabi/9.2.1/../../../arm-none-eabi/lib/thumb/v6-m/nofp/libstdc++.a(class_type_info.o)
                0x0000000010009e40                __cxxabiv1::__class_type_info::~__class_type_info()